Archive member included to satisfy reference by file (symbol)

./libs/capsense/COMPONENT_SOFTFP/TOOLCHAIN_GCC_ARM/libcy_capsense.a(cy_capsense_smartsense_hw_lib.o)
                              C:/Users/Sam/Documents/GitHub/PSoC6-VSCode-Test/Empty_PSoC6_App_1/build/CY8CPROTO-062-4343W/Debug/libs/capsense/cy_capsense_sensing.o (Cy_CapSense_TunePrescalers_Lib)
./libs/capsense/COMPONENT_SOFTFP/TOOLCHAIN_GCC_ARM/libcy_capsense.a(cy_capsense_gesture_lib.o)
                              C:/Users/Sam/Documents/GitHub/PSoC6-VSCode-Test/Empty_PSoC6_App_1/build/CY8CPROTO-062-4343W/Debug/libs/capsense/cy_capsense_processing.o (Cy_CapSense_Gesture_ResetState)
./libs/capsense/COMPONENT_SOFTFP/TOOLCHAIN_GCC_ARM/libcy_capsense.a(cy_capsense_advanced_centroid_lib.o)
                              C:/Users/Sam/Documents/GitHub/PSoC6-VSCode-Test/Empty_PSoC6_App_1/build/CY8CPROTO-062-4343W/Debug/libs/capsense/cy_capsense_centroid.o (Cy_CapSense_AdvancedCentroidGetTouchCoordinates_Lib)
./libs/capsense/COMPONENT_SOFTFP/TOOLCHAIN_GCC_ARM/libcy_capsense.a(cy_capsense_smartsense_fw_lib.o)
                              C:/Users/Sam/Documents/GitHub/PSoC6-VSCode-Test/Empty_PSoC6_App_1/build/CY8CPROTO-062-4343W/Debug/libs/capsense/cy_capsense_processing.o (Cy_CapSense_UpdateThresholds_Lib)
c:/users/sam/modustoolbox/tools_2.1/gcc-7.2.1/bin/../lib/gcc/arm-none-eabi/7.2.1/thumb/v7e-m/fpv4-sp/softfp\libgcc.a(_udivsi3.o)
                              ./libs/capsense/COMPONENT_SOFTFP/TOOLCHAIN_GCC_ARM/libcy_capsense.a(cy_capsense_smartsense_hw_lib.o) (__aeabi_uidiv)
c:/users/sam/modustoolbox/tools_2.1/gcc-7.2.1/bin/../lib/gcc/arm-none-eabi/7.2.1/thumb/v7e-m/fpv4-sp/softfp\libgcc.a(_divsi3.o)
                              ./libs/capsense/COMPONENT_SOFTFP/TOOLCHAIN_GCC_ARM/libcy_capsense.a(cy_capsense_advanced_centroid_lib.o) (__aeabi_idiv)
c:/users/sam/modustoolbox/tools_2.1/gcc-7.2.1/bin/../lib/gcc/arm-none-eabi/7.2.1/thumb/v7e-m/fpv4-sp/softfp\libgcc.a(_dvmd_tls.o)
                              c:/users/sam/modustoolbox/tools_2.1/gcc-7.2.1/bin/../lib/gcc/arm-none-eabi/7.2.1/thumb/v7e-m/fpv4-sp/softfp\libgcc.a(_udivsi3.o) (__aeabi_idiv0)
c:/users/sam/modustoolbox/tools_2.1/gcc-7.2.1/bin/../lib/gcc/arm-none-eabi/7.2.1/thumb/v7e-m/fpv4-sp/softfp\libgcc.a(_arm_addsubdf3.o)
                              C:/Users/Sam/Documents/GitHub/PSoC6-VSCode-Test/Empty_PSoC6_App_1/build/CY8CPROTO-062-4343W/Debug/libs/psoc6hal/COMPONENT_PSOC6HAL/source/cyhal_wdt.o (__aeabi_ui2d)
c:/users/sam/modustoolbox/tools_2.1/gcc-7.2.1/bin/../lib/gcc/arm-none-eabi/7.2.1/thumb/v7e-m/fpv4-sp/softfp\libgcc.a(_arm_muldivdf3.o)
                              C:/Users/Sam/Documents/GitHub/PSoC6-VSCode-Test/Empty_PSoC6_App_1/build/CY8CPROTO-062-4343W/Debug/libs/psoc6hal/COMPONENT_PSOC6HAL/source/cyhal_wdt.o (__aeabi_ddiv)
c:/users/sam/modustoolbox/tools_2.1/gcc-7.2.1/bin/../lib/gcc/arm-none-eabi/7.2.1/thumb/v7e-m/fpv4-sp/softfp\libgcc.a(_arm_fixunsdfsi.o)
                              C:/Users/Sam/Documents/GitHub/PSoC6-VSCode-Test/Empty_PSoC6_App_1/build/CY8CPROTO-062-4343W/Debug/libs/psoc6hal/COMPONENT_PSOC6HAL/source/cyhal_wdt.o (__aeabi_d2uiz)
c:/users/sam/modustoolbox/tools_2.1/gcc-7.2.1/bin/../lib/gcc/arm-none-eabi/7.2.1/thumb/v7e-m/fpv4-sp/softfp\libgcc.a(_aeabi_ldivmod.o)
                              C:/Users/Sam/Documents/GitHub/PSoC6-VSCode-Test/Empty_PSoC6_App_1/build/CY8CPROTO-062-4343W/Debug/libs/psoc6pdl/drivers/source/cy_sar.o (__aeabi_ldivmod)
c:/users/sam/modustoolbox/tools_2.1/gcc-7.2.1/bin/../lib/gcc/arm-none-eabi/7.2.1/thumb/v7e-m/fpv4-sp/softfp\libgcc.a(_aeabi_uldivmod.o)
                              C:/Users/Sam/Documents/GitHub/PSoC6-VSCode-Test/Empty_PSoC6_App_1/build/CY8CPROTO-062-4343W/Debug/libs/psoc6hal/COMPONENT_PSOC6HAL/source/cyhal_clock.o (__aeabi_uldivmod)
c:/users/sam/modustoolbox/tools_2.1/gcc-7.2.1/bin/../lib/gcc/arm-none-eabi/7.2.1/thumb/v7e-m/fpv4-sp/softfp\libgcc.a(_udivmoddi4.o)
                              c:/users/sam/modustoolbox/tools_2.1/gcc-7.2.1/bin/../lib/gcc/arm-none-eabi/7.2.1/thumb/v7e-m/fpv4-sp/softfp\libgcc.a(_aeabi_ldivmod.o) (__udivmoddi4)
c:/users/sam/modustoolbox/tools_2.1/gcc-7.2.1/bin/../lib/gcc/arm-none-eabi/7.2.1/../../../../arm-none-eabi/lib/thumb/v7e-m/fpv4-sp/softfp\libg_nano.a(lib_a-exit.o)
                              c:/users/sam/modustoolbox/tools_2.1/gcc-7.2.1/bin/../lib/gcc/arm-none-eabi/7.2.1/../../../../arm-none-eabi/lib/thumb/v7e-m/fpv4-sp/softfp/crt0.o (exit)
c:/users/sam/modustoolbox/tools_2.1/gcc-7.2.1/bin/../lib/gcc/arm-none-eabi/7.2.1/../../../../arm-none-eabi/lib/thumb/v7e-m/fpv4-sp/softfp\libg_nano.a(lib_a-fini.o)
                              C:/Users/Sam/Documents/GitHub/PSoC6-VSCode-Test/Empty_PSoC6_App_1/build/CY8CPROTO-062-4343W/Debug/libs/TARGET_CY8CPROTO-062-4343W/COMPONENT_CM4/TOOLCHAIN_GCC_ARM/startup_psoc6_02_cm4.o (__libc_fini_array)
[...]
Memory Configuration

Name             Origin             Length             Attributes
ram              0x08002000         0x000fd800         xrw
flash            0x10000000         0x00200000         xr
em_eeprom        0x14000000         0x00008000         xr
sflash_user_data 0x16000800         0x00000800         xr
sflash_nar       0x16001a00         0x00000200         xr
sflash_public_key 0x16005a00         0x00000c00         xr
sflash_toc_2     0x16007c00         0x00000200         xr
sflash_rtoc_2    0x16007e00         0x00000200         xr
xip              0x18000000         0x08000000         xr
efuse            0x90700000         0x00100000         r
*default*        0x00000000         0xffffffff

Linker script and memory map

LOAD c:/users/sam/modustoolbox/tools_2.1/gcc-7.2.1/bin/../lib/gcc/arm-none-eabi/7.2.1/thumb/v7e-m/fpv4-sp/softfp/crti.o
LOAD c:/users/sam/modustoolbox/tools_2.1/gcc-7.2.1/bin/../lib/gcc/arm-none-eabi/7.2.1/thumb/v7e-m/fpv4-sp/softfp/crtbegin.o
LOAD c:/users/sam/modustoolbox/tools_2.1/gcc-7.2.1/bin/../lib/gcc/arm-none-eabi/7.2.1/../../../../arm-none-eabi/lib/thumb/v7e-m/fpv4-sp/softfp/crt0.o
LOAD C:/Users/Sam/Documents/GitHub/PSoC6-VSCode-Test/Empty_PSoC6_App_1/build/CY8CPROTO-062-4343W/Debug/libs/TARGET_CY8CPROTO-062-4343W/COMPONENT_CM4/TOOLCHAIN_GCC_ARM/startup_psoc6_02_cm4.o
LOAD C:/Users/Sam/Documents/GitHub/PSoC6-VSCode-Test/Empty_PSoC6_App_1/build/CY8CPROTO-062-4343W/Debug/libs/psoc6pdl/drivers/source/TOOLCHAIN_GCC_ARM/cy_syslib_gcc.o
LOAD C:/Users/Sam/Documents/GitHub/PSoC6-VSCode-Test/Empty_PSoC6_App_1/build/CY8CPROTO-062-4343W/Debug/libs/TARGET_CY8CPROTO-062-4343W/COMPONENT_BSP_DESIGN_MODUS/GeneratedSource/cycfg.o
LOAD C:/Users/Sam/Documents/GitHub/PSoC6-VSCode-Test/Empty_PSoC6_App_1/build/CY8CPROTO-062-4343W/Debug/libs/TARGET_CY8CPROTO-062-4343W/COMPONENT_BSP_DESIGN_MODUS/GeneratedSource/cycfg_capsense.o
LOAD C:/Users/Sam/Documents/GitHub/PSoC6-VSCode-Test/Empty_PSoC6_App_1/build/CY8CPROTO-062-4343W/Debug/libs/TARGET_CY8CPROTO-062-4343W/COMPONENT_BSP_DESIGN_MODUS/GeneratedSource/cycfg_clocks.o
LOAD C:/Users/Sam/Documents/GitHub/PSoC6-VSCode-Test/Empty_PSoC6_App_1/build/CY8CPROTO-062-4343W/Debug/libs/TARGET_CY8CPROTO-062-4343W/COMPONENT_BSP_DESIGN_MODUS/GeneratedSource/cycfg_peripherals.o
LOAD C:/Users/Sam/Documents/GitHub/PSoC6-VSCode-Test/Empty_PSoC6_App_1/build/CY8CPROTO-062-4343W/Debug/libs/TARGET_CY8CPROTO-062-4343W/COMPONENT_BSP_DESIGN_MODUS/GeneratedSource/cycfg_pins.o
LOAD C:/Users/Sam/Documents/GitHub/PSoC6-VSCode-Test/Empty_PSoC6_App_1/build/CY8CPROTO-062-4343W/Debug/libs/TARGET_CY8CPROTO-062-4343W/COMPONENT_BSP_DESIGN_MODUS/GeneratedSource/cycfg_qspi_memslot.o
LOAD C:/Users/Sam/Documents/GitHub/PSoC6-VSCode-Test/Empty_PSoC6_App_1/build/CY8CPROTO-062-4343W/Debug/libs/TARGET_CY8CPROTO-062-4343W/COMPONENT_BSP_DESIGN_MODUS/GeneratedSource/cycfg_routing.o
LOAD C:/Users/Sam/Documents/GitHub/PSoC6-VSCode-Test/Empty_PSoC6_App_1/build/CY8CPROTO-062-4343W/Debug/libs/TARGET_CY8CPROTO-062-4343W/COMPONENT_BSP_DESIGN_MODUS/GeneratedSource/cycfg_system.o
LOAD C:/Users/Sam/Documents/GitHub/PSoC6-VSCode-Test/Empty_PSoC6_App_1/build/CY8CPROTO-062-4343W/Debug/libs/TARGET_CY8CPROTO-062-4343W/COMPONENT_CM4/system_psoc6_cm4.o
LOAD C:/Users/Sam/Documents/GitHub/PSoC6-VSCode-Test/Empty_PSoC6_App_1/build/CY8CPROTO-062-4343W/Debug/libs/TARGET_CY8CPROTO-062-4343W/cybsp.o
LOAD C:/Users/Sam/Documents/GitHub/PSoC6-VSCode-Test/Empty_PSoC6_App_1/build/CY8CPROTO-062-4343W/Debug/libs/capsense/cy_capsense_centroid.o
LOAD C:/Users/Sam/Documents/GitHub/PSoC6-VSCode-Test/Empty_PSoC6_App_1/build/CY8CPROTO-062-4343W/Debug/libs/capsense/cy_capsense_control.o
LOAD C:/Users/Sam/Documents/GitHub/PSoC6-VSCode-Test/Empty_PSoC6_App_1/build/CY8CPROTO-062-4343W/Debug/libs/capsense/cy_capsense_csd.o
LOAD C:/Users/Sam/Documents/GitHub/PSoC6-VSCode-Test/Empty_PSoC6_App_1/build/CY8CPROTO-062-4343W/Debug/libs/capsense/cy_capsense_csx.o
LOAD C:/Users/Sam/Documents/GitHub/PSoC6-VSCode-Test/Empty_PSoC6_App_1/build/CY8CPROTO-062-4343W/Debug/libs/capsense/cy_capsense_filter.o
LOAD C:/Users/Sam/Documents/GitHub/PSoC6-VSCode-Test/Empty_PSoC6_App_1/build/CY8CPROTO-062-4343W/Debug/libs/capsense/cy_capsense_processing.o
LOAD C:/Users/Sam/Documents/GitHub/PSoC6-VSCode-Test/Empty_PSoC6_App_1/build/CY8CPROTO-062-4343W/Debug/libs/capsense/cy_capsense_sensing.o
LOAD C:/Users/Sam/Documents/GitHub/PSoC6-VSCode-Test/Empty_PSoC6_App_1/build/CY8CPROTO-062-4343W/Debug/libs/capsense/cy_capsense_structure.o
LOAD C:/Users/Sam/Documents/GitHub/PSoC6-VSCode-Test/Empty_PSoC6_App_1/build/CY8CPROTO-062-4343W/Debug/libs/capsense/cy_capsense_tuner.o
LOAD C:/Users/Sam/Documents/GitHub/PSoC6-VSCode-Test/Empty_PSoC6_App_1/build/CY8CPROTO-062-4343W/Debug/libs/psoc6cm0p/COMPONENT_CM0P_SLEEP/psoc6_01_cm0p_sleep.o
LOAD C:/Users/Sam/Documents/GitHub/PSoC6-VSCode-Test/Empty_PSoC6_App_1/build/CY8CPROTO-062-4343W/Debug/libs/psoc6cm0p/COMPONENT_CM0P_SLEEP/psoc6_02_cm0p_sleep.o
LOAD C:/Users/Sam/Documents/GitHub/PSoC6-VSCode-Test/Empty_PSoC6_App_1/build/CY8CPROTO-062-4343W/Debug/libs/psoc6cm0p/COMPONENT_CM0P_SLEEP/psoc6_03_cm0p_sleep.o
LOAD C:/Users/Sam/Documents/GitHub/PSoC6-VSCode-Test/Empty_PSoC6_App_1/build/CY8CPROTO-062-4343W/Debug/libs/psoc6cm0p/COMPONENT_CM0P_SLEEP/psoc6_04_cm0p_sleep.o
LOAD C:/Users/Sam/Documents/GitHub/PSoC6-VSCode-Test/Empty_PSoC6_App_1/build/CY8CPROTO-062-4343W/Debug/libs/psoc6hal/COMPONENT_PSOC6HAL/source/cyhal_adc.o
LOAD C:/Users/Sam/Documents/GitHub/PSoC6-VSCode-Test/Empty_PSoC6_App_1/build/CY8CPROTO-062-4343W/Debug/libs/psoc6hal/COMPONENT_PSOC6HAL/source/cyhal_analog_common.o
LOAD C:/Users/Sam/Documents/GitHub/PSoC6-VSCode-Test/Empty_PSoC6_App_1/build/CY8CPROTO-062-4343W/Debug/libs/psoc6hal/COMPONENT_PSOC6HAL/source/cyhal_clock.o
LOAD C:/Users/Sam/Documents/GitHub/PSoC6-VSCode-Test/Empty_PSoC6_App_1/build/CY8CPROTO-062-4343W/Debug/libs/psoc6hal/COMPONENT_PSOC6HAL/source/cyhal_crc.o
LOAD C:/Users/Sam/Documents/GitHub/PSoC6-VSCode-Test/Empty_PSoC6_App_1/build/CY8CPROTO-062-4343W/Debug/libs/psoc6hal/COMPONENT_PSOC6HAL/source/cyhal_crypto_common.o
LOAD C:/Users/Sam/Documents/GitHub/PSoC6-VSCode-Test/Empty_PSoC6_App_1/build/CY8CPROTO-062-4343W/Debug/libs/psoc6hal/COMPONENT_PSOC6HAL/source/cyhal_dac.o
LOAD C:/Users/Sam/Documents/GitHub/PSoC6-VSCode-Test/Empty_PSoC6_App_1/build/CY8CPROTO-062-4343W/Debug/libs/psoc6hal/COMPONENT_PSOC6HAL/source/cyhal_deprecated.o
LOAD C:/Users/Sam/Documents/GitHub/PSoC6-VSCode-Test/Empty_PSoC6_App_1/build/CY8CPROTO-062-4343W/Debug/libs/psoc6hal/COMPONENT_PSOC6HAL/source/cyhal_dma.o
LOAD C:/Users/Sam/Documents/GitHub/PSoC6-VSCode-Test/Empty_PSoC6_App_1/build/CY8CPROTO-062-4343W/Debug/libs/psoc6hal/COMPONENT_PSOC6HAL/source/cyhal_dma_dmac.o
LOAD C:/Users/Sam/Documents/GitHub/PSoC6-VSCode-Test/Empty_PSoC6_App_1/build/CY8CPROTO-062-4343W/Debug/libs/psoc6hal/COMPONENT_PSOC6HAL/source/cyhal_dma_dw.o
LOAD C:/Users/Sam/Documents/GitHub/PSoC6-VSCode-Test/Empty_PSoC6_App_1/build/CY8CPROTO-062-4343W/Debug/libs/psoc6hal/COMPONENT_PSOC6HAL/source/cyhal_ezi2c.o
LOAD C:/Users/Sam/Documents/GitHub/PSoC6-VSCode-Test/Empty_PSoC6_App_1/build/CY8CPROTO-062-4343W/Debug/libs/psoc6hal/COMPONENT_PSOC6HAL/source/cyhal_flash.o
LOAD C:/Users/Sam/Documents/GitHub/PSoC6-VSCode-Test/Empty_PSoC6_App_1/build/CY8CPROTO-062-4343W/Debug/libs/psoc6hal/COMPONENT_PSOC6HAL/source/cyhal_gpio.o
LOAD C:/Users/Sam/Documents/GitHub/PSoC6-VSCode-Test/Empty_PSoC6_App_1/build/CY8CPROTO-062-4343W/Debug/libs/psoc6hal/COMPONENT_PSOC6HAL/source/cyhal_hwmgr.o
LOAD C:/Users/Sam/Documents/GitHub/PSoC6-VSCode-Test/Empty_PSoC6_App_1/build/CY8CPROTO-062-4343W/Debug/libs/psoc6hal/COMPONENT_PSOC6HAL/source/cyhal_i2c.o
LOAD C:/Users/Sam/Documents/GitHub/PSoC6-VSCode-Test/Empty_PSoC6_App_1/build/CY8CPROTO-062-4343W/Debug/libs/psoc6hal/COMPONENT_PSOC6HAL/source/cyhal_i2s.o
LOAD C:/Users/Sam/Documents/GitHub/PSoC6-VSCode-Test/Empty_PSoC6_App_1/build/CY8CPROTO-062-4343W/Debug/libs/psoc6hal/COMPONENT_PSOC6HAL/source/cyhal_interconnect.o
LOAD C:/Users/Sam/Documents/GitHub/PSoC6-VSCode-Test/Empty_PSoC6_App_1/build/CY8CPROTO-062-4343W/Debug/libs/psoc6hal/COMPONENT_PSOC6HAL/source/cyhal_lptimer.o
LOAD C:/Users/Sam/Documents/GitHub/PSoC6-VSCode-Test/Empty_PSoC6_App_1/build/CY8CPROTO-062-4343W/Debug/libs/psoc6hal/COMPONENT_PSOC6HAL/source/cyhal_not_implemented.o
LOAD C:/Users/Sam/Documents/GitHub/PSoC6-VSCode-Test/Empty_PSoC6_App_1/build/CY8CPROTO-062-4343W/Debug/libs/psoc6hal/COMPONENT_PSOC6HAL/source/cyhal_pdmpcm.o
LOAD C:/Users/Sam/Documents/GitHub/PSoC6-VSCode-Test/Empty_PSoC6_App_1/build/CY8CPROTO-062-4343W/Debug/libs/psoc6hal/COMPONENT_PSOC6HAL/source/cyhal_pwm.o
LOAD C:/Users/Sam/Documents/GitHub/PSoC6-VSCode-Test/Empty_PSoC6_App_1/build/CY8CPROTO-062-4343W/Debug/libs/psoc6hal/COMPONENT_PSOC6HAL/source/cyhal_qspi.o
LOAD C:/Users/Sam/Documents/GitHub/PSoC6-VSCode-Test/Empty_PSoC6_App_1/build/CY8CPROTO-062-4343W/Debug/libs/psoc6hal/COMPONENT_PSOC6HAL/source/cyhal_rtc.o
LOAD C:/Users/Sam/Documents/GitHub/PSoC6-VSCode-Test/Empty_PSoC6_App_1/build/CY8CPROTO-062-4343W/Debug/libs/psoc6hal/COMPONENT_PSOC6HAL/source/cyhal_scb_common.o
LOAD C:/Users/Sam/Documents/GitHub/PSoC6-VSCode-Test/Empty_PSoC6_App_1/build/CY8CPROTO-062-4343W/Debug/libs/psoc6hal/COMPONENT_PSOC6HAL/source/cyhal_sdhc.o
LOAD C:/Users/Sam/Documents/GitHub/PSoC6-VSCode-Test/Empty_PSoC6_App_1/build/CY8CPROTO-062-4343W/Debug/libs/psoc6hal/COMPONENT_PSOC6HAL/source/cyhal_spi.o
LOAD C:/Users/Sam/Documents/GitHub/PSoC6-VSCode-Test/Empty_PSoC6_App_1/build/CY8CPROTO-062-4343W/Debug/libs/psoc6hal/COMPONENT_PSOC6HAL/source/cyhal_syspm.o
LOAD C:/Users/Sam/Documents/GitHub/PSoC6-VSCode-Test/Empty_PSoC6_App_1/build/CY8CPROTO-062-4343W/Debug/libs/psoc6hal/COMPONENT_PSOC6HAL/source/cyhal_system.o
LOAD C:/Users/Sam/Documents/GitHub/PSoC6-VSCode-Test/Empty_PSoC6_App_1/build/CY8CPROTO-062-4343W/Debug/libs/psoc6hal/COMPONENT_PSOC6HAL/source/cyhal_tcpwm_common.o
LOAD C:/Users/Sam/Documents/GitHub/PSoC6-VSCode-Test/Empty_PSoC6_App_1/build/CY8CPROTO-062-4343W/Debug/libs/psoc6hal/COMPONENT_PSOC6HAL/source/cyhal_timer.o
LOAD C:/Users/Sam/Documents/GitHub/PSoC6-VSCode-Test/Empty_PSoC6_App_1/build/CY8CPROTO-062-4343W/Debug/libs/psoc6hal/COMPONENT_PSOC6HAL/source/cyhal_trng.o
LOAD C:/Users/Sam/Documents/GitHub/PSoC6-VSCode-Test/Empty_PSoC6_App_1/build/CY8CPROTO-062-4343W/Debug/libs/psoc6hal/COMPONENT_PSOC6HAL/source/cyhal_uart.o
LOAD C:/Users/Sam/Documents/GitHub/PSoC6-VSCode-Test/Empty_PSoC6_App_1/build/CY8CPROTO-062-4343W/Debug/libs/psoc6hal/COMPONENT_PSOC6HAL/source/cyhal_udb_sdio.o
LOAD C:/Users/Sam/Documents/GitHub/PSoC6-VSCode-Test/Empty_PSoC6_App_1/build/CY8CPROTO-062-4343W/Debug/libs/psoc6hal/COMPONENT_PSOC6HAL/source/cyhal_usb_dev.o
LOAD C:/Users/Sam/Documents/GitHub/PSoC6-VSCode-Test/Empty_PSoC6_App_1/build/CY8CPROTO-062-4343W/Debug/libs/psoc6hal/COMPONENT_PSOC6HAL/source/cyhal_utils.o
LOAD C:/Users/Sam/Documents/GitHub/PSoC6-VSCode-Test/Empty_PSoC6_App_1/build/CY8CPROTO-062-4343W/Debug/libs/psoc6hal/COMPONENT_PSOC6HAL/source/cyhal_wdt.o
LOAD C:/Users/Sam/Documents/GitHub/PSoC6-VSCode-Test/Empty_PSoC6_App_1/build/CY8CPROTO-062-4343W/Debug/libs/psoc6hal/COMPONENT_PSOC6HAL/source/pin_packages/cyhal_psoc6_01_104_m_csp_ble.o
LOAD C:/Users/Sam/Documents/GitHub/PSoC6-VSCode-Test/Empty_PSoC6_App_1/build/CY8CPROTO-062-4343W/Debug/libs/psoc6hal/COMPONENT_PSOC6HAL/source/pin_packages/cyhal_psoc6_01_104_m_csp_ble_usb.o
LOAD C:/Users/Sam/Documents/GitHub/PSoC6-VSCode-Test/Empty_PSoC6_App_1/build/CY8CPROTO-062-4343W/Debug/libs/psoc6hal/COMPONENT_PSOC6HAL/source/pin_packages/cyhal_psoc6_01_116_bga_ble.o
LOAD C:/Users/Sam/Documents/GitHub/PSoC6-VSCode-Test/Empty_PSoC6_App_1/build/CY8CPROTO-062-4343W/Debug/libs/psoc6hal/COMPONENT_PSOC6HAL/source/pin_packages/cyhal_psoc6_01_116_bga_usb.o
LOAD C:/Users/Sam/Documents/GitHub/PSoC6-VSCode-Test/Empty_PSoC6_App_1/build/CY8CPROTO-062-4343W/Debug/libs/psoc6hal/COMPONENT_PSOC6HAL/source/pin_packages/cyhal_psoc6_01_124_bga.o
LOAD C:/Users/Sam/Documents/GitHub/PSoC6-VSCode-Test/Empty_PSoC6_App_1/build/CY8CPROTO-062-4343W/Debug/libs/psoc6hal/COMPONENT_PSOC6HAL/source/pin_packages/cyhal_psoc6_01_124_bga_sip.o
LOAD C:/Users/Sam/Documents/GitHub/PSoC6-VSCode-Test/Empty_PSoC6_App_1/build/CY8CPROTO-062-4343W/Debug/libs/psoc6hal/COMPONENT_PSOC6HAL/source/pin_packages/cyhal_psoc6_01_43_smt.o
LOAD C:/Users/Sam/Documents/GitHub/PSoC6-VSCode-Test/Empty_PSoC6_App_1/build/CY8CPROTO-062-4343W/Debug/libs/psoc6hal/COMPONENT_PSOC6HAL/source/pin_packages/cyhal_psoc6_01_68_qfn_ble.o
LOAD C:/Users/Sam/Documents/GitHub/PSoC6-VSCode-Test/Empty_PSoC6_App_1/build/CY8CPROTO-062-4343W/Debug/libs/psoc6hal/COMPONENT_PSOC6HAL/source/pin_packages/cyhal_psoc6_01_80_wlcsp.o
LOAD C:/Users/Sam/Documents/GitHub/PSoC6-VSCode-Test/Empty_PSoC6_App_1/build/CY8CPROTO-062-4343W/Debug/libs/psoc6hal/COMPONENT_PSOC6HAL/source/pin_packages/cyhal_psoc6_02_100_wlcsp.o
LOAD C:/Users/Sam/Documents/GitHub/PSoC6-VSCode-Test/Empty_PSoC6_App_1/build/CY8CPROTO-062-4343W/Debug/libs/psoc6hal/COMPONENT_PSOC6HAL/source/pin_packages/cyhal_psoc6_02_124_bga.o
LOAD C:/Users/Sam/Documents/GitHub/PSoC6-VSCode-Test/Empty_PSoC6_App_1/build/CY8CPROTO-062-4343W/Debug/libs/psoc6hal/COMPONENT_PSOC6HAL/source/pin_packages/cyhal_psoc6_02_128_tqfp.o
LOAD C:/Users/Sam/Documents/GitHub/PSoC6-VSCode-Test/Empty_PSoC6_App_1/build/CY8CPROTO-062-4343W/Debug/libs/psoc6hal/COMPONENT_PSOC6HAL/source/pin_packages/cyhal_psoc6_02_68_qfn.o
LOAD C:/Users/Sam/Documents/GitHub/PSoC6-VSCode-Test/Empty_PSoC6_App_1/build/CY8CPROTO-062-4343W/Debug/libs/psoc6hal/COMPONENT_PSOC6HAL/source/pin_packages/cyhal_psoc6_03_100_tqfp.o
LOAD C:/Users/Sam/Documents/GitHub/PSoC6-VSCode-Test/Empty_PSoC6_App_1/build/CY8CPROTO-062-4343W/Debug/libs/psoc6hal/COMPONENT_PSOC6HAL/source/pin_packages/cyhal_psoc6_03_49_wlcsp.o
LOAD C:/Users/Sam/Documents/GitHub/PSoC6-VSCode-Test/Empty_PSoC6_App_1/build/CY8CPROTO-062-4343W/Debug/libs/psoc6hal/COMPONENT_PSOC6HAL/source/pin_packages/cyhal_psoc6_03_68_qfn.o
LOAD C:/Users/Sam/Documents/GitHub/PSoC6-VSCode-Test/Empty_PSoC6_App_1/build/CY8CPROTO-062-4343W/Debug/libs/psoc6hal/COMPONENT_PSOC6HAL/source/triggers/cyhal_triggers_psoc6_01.o
LOAD C:/Users/Sam/Documents/GitHub/PSoC6-VSCode-Test/Empty_PSoC6_App_1/build/CY8CPROTO-062-4343W/Debug/libs/psoc6hal/COMPONENT_PSOC6HAL/source/triggers/cyhal_triggers_psoc6_02.o
LOAD C:/Users/Sam/Documents/GitHub/PSoC6-VSCode-Test/Empty_PSoC6_App_1/build/CY8CPROTO-062-4343W/Debug/libs/psoc6hal/COMPONENT_PSOC6HAL/source/triggers/cyhal_triggers_psoc6_03.o
LOAD C:/Users/Sam/Documents/GitHub/PSoC6-VSCode-Test/Empty_PSoC6_App_1/build/CY8CPROTO-062-4343W/Debug/libs/psoc6pdl/drivers/source/cy_ble_clk.o
LOAD C:/Users/Sam/Documents/GitHub/PSoC6-VSCode-Test/Empty_PSoC6_App_1/build/CY8CPROTO-062-4343W/Debug/libs/psoc6pdl/drivers/source/cy_canfd.o
LOAD C:/Users/Sam/Documents/GitHub/PSoC6-VSCode-Test/Empty_PSoC6_App_1/build/CY8CPROTO-062-4343W/Debug/libs/psoc6pdl/drivers/source/cy_crypto.o
LOAD C:/Users/Sam/Documents/GitHub/PSoC6-VSCode-Test/Empty_PSoC6_App_1/build/CY8CPROTO-062-4343W/Debug/libs/psoc6pdl/drivers/source/cy_crypto_core_aes_v1.o
LOAD C:/Users/Sam/Documents/GitHub/PSoC6-VSCode-Test/Empty_PSoC6_App_1/build/CY8CPROTO-062-4343W/Debug/libs/psoc6pdl/drivers/source/cy_crypto_core_aes_v2.o
LOAD C:/Users/Sam/Documents/GitHub/PSoC6-VSCode-Test/Empty_PSoC6_App_1/build/CY8CPROTO-062-4343W/Debug/libs/psoc6pdl/drivers/source/cy_crypto_core_cmac_v1.o
LOAD C:/Users/Sam/Documents/GitHub/PSoC6-VSCode-Test/Empty_PSoC6_App_1/build/CY8CPROTO-062-4343W/Debug/libs/psoc6pdl/drivers/source/cy_crypto_core_cmac_v2.o
LOAD C:/Users/Sam/Documents/GitHub/PSoC6-VSCode-Test/Empty_PSoC6_App_1/build/CY8CPROTO-062-4343W/Debug/libs/psoc6pdl/drivers/source/cy_crypto_core_crc_v1.o
LOAD C:/Users/Sam/Documents/GitHub/PSoC6-VSCode-Test/Empty_PSoC6_App_1/build/CY8CPROTO-062-4343W/Debug/libs/psoc6pdl/drivers/source/cy_crypto_core_crc_v2.o
LOAD C:/Users/Sam/Documents/GitHub/PSoC6-VSCode-Test/Empty_PSoC6_App_1/build/CY8CPROTO-062-4343W/Debug/libs/psoc6pdl/drivers/source/cy_crypto_core_des_v1.o
LOAD C:/Users/Sam/Documents/GitHub/PSoC6-VSCode-Test/Empty_PSoC6_App_1/build/CY8CPROTO-062-4343W/Debug/libs/psoc6pdl/drivers/source/cy_crypto_core_des_v2.o
LOAD C:/Users/Sam/Documents/GitHub/PSoC6-VSCode-Test/Empty_PSoC6_App_1/build/CY8CPROTO-062-4343W/Debug/libs/psoc6pdl/drivers/source/cy_crypto_core_ecc_domain_params.o
LOAD C:/Users/Sam/Documents/GitHub/PSoC6-VSCode-Test/Empty_PSoC6_App_1/build/CY8CPROTO-062-4343W/Debug/libs/psoc6pdl/drivers/source/cy_crypto_core_ecc_ecdsa.o
LOAD C:/Users/Sam/Documents/GitHub/PSoC6-VSCode-Test/Empty_PSoC6_App_1/build/CY8CPROTO-062-4343W/Debug/libs/psoc6pdl/drivers/source/cy_crypto_core_ecc_key_gen.o
LOAD C:/Users/Sam/Documents/GitHub/PSoC6-VSCode-Test/Empty_PSoC6_App_1/build/CY8CPROTO-062-4343W/Debug/libs/psoc6pdl/drivers/source/cy_crypto_core_ecc_nist_p.o
LOAD C:/Users/Sam/Documents/GitHub/PSoC6-VSCode-Test/Empty_PSoC6_App_1/build/CY8CPROTO-062-4343W/Debug/libs/psoc6pdl/drivers/source/cy_crypto_core_hmac_v1.o
LOAD C:/Users/Sam/Documents/GitHub/PSoC6-VSCode-Test/Empty_PSoC6_App_1/build/CY8CPROTO-062-4343W/Debug/libs/psoc6pdl/drivers/source/cy_crypto_core_hmac_v2.o
LOAD C:/Users/Sam/Documents/GitHub/PSoC6-VSCode-Test/Empty_PSoC6_App_1/build/CY8CPROTO-062-4343W/Debug/libs/psoc6pdl/drivers/source/cy_crypto_core_hw.o
LOAD C:/Users/Sam/Documents/GitHub/PSoC6-VSCode-Test/Empty_PSoC6_App_1/build/CY8CPROTO-062-4343W/Debug/libs/psoc6pdl/drivers/source/cy_crypto_core_hw_v1.o
LOAD C:/Users/Sam/Documents/GitHub/PSoC6-VSCode-Test/Empty_PSoC6_App_1/build/CY8CPROTO-062-4343W/Debug/libs/psoc6pdl/drivers/source/cy_crypto_core_mem_v1.o
LOAD C:/Users/Sam/Documents/GitHub/PSoC6-VSCode-Test/Empty_PSoC6_App_1/build/CY8CPROTO-062-4343W/Debug/libs/psoc6pdl/drivers/source/cy_crypto_core_mem_v2.o
LOAD C:/Users/Sam/Documents/GitHub/PSoC6-VSCode-Test/Empty_PSoC6_App_1/build/CY8CPROTO-062-4343W/Debug/libs/psoc6pdl/drivers/source/cy_crypto_core_prng_v1.o
LOAD C:/Users/Sam/Documents/GitHub/PSoC6-VSCode-Test/Empty_PSoC6_App_1/build/CY8CPROTO-062-4343W/Debug/libs/psoc6pdl/drivers/source/cy_crypto_core_prng_v2.o
LOAD C:/Users/Sam/Documents/GitHub/PSoC6-VSCode-Test/Empty_PSoC6_App_1/build/CY8CPROTO-062-4343W/Debug/libs/psoc6pdl/drivers/source/cy_crypto_core_rsa.o
LOAD C:/Users/Sam/Documents/GitHub/PSoC6-VSCode-Test/Empty_PSoC6_App_1/build/CY8CPROTO-062-4343W/Debug/libs/psoc6pdl/drivers/source/cy_crypto_core_sha_v1.o
LOAD C:/Users/Sam/Documents/GitHub/PSoC6-VSCode-Test/Empty_PSoC6_App_1/build/CY8CPROTO-062-4343W/Debug/libs/psoc6pdl/drivers/source/cy_crypto_core_sha_v2.o
LOAD C:/Users/Sam/Documents/GitHub/PSoC6-VSCode-Test/Empty_PSoC6_App_1/build/CY8CPROTO-062-4343W/Debug/libs/psoc6pdl/drivers/source/cy_crypto_core_trng_v1.o
LOAD C:/Users/Sam/Documents/GitHub/PSoC6-VSCode-Test/Empty_PSoC6_App_1/build/CY8CPROTO-062-4343W/Debug/libs/psoc6pdl/drivers/source/cy_crypto_core_trng_v2.o
LOAD C:/Users/Sam/Documents/GitHub/PSoC6-VSCode-Test/Empty_PSoC6_App_1/build/CY8CPROTO-062-4343W/Debug/libs/psoc6pdl/drivers/source/cy_crypto_core_vu.o
LOAD C:/Users/Sam/Documents/GitHub/PSoC6-VSCode-Test/Empty_PSoC6_App_1/build/CY8CPROTO-062-4343W/Debug/libs/psoc6pdl/drivers/source/cy_crypto_server.o
LOAD C:/Users/Sam/Documents/GitHub/PSoC6-VSCode-Test/Empty_PSoC6_App_1/build/CY8CPROTO-062-4343W/Debug/libs/psoc6pdl/drivers/source/cy_csd.o
LOAD C:/Users/Sam/Documents/GitHub/PSoC6-VSCode-Test/Empty_PSoC6_App_1/build/CY8CPROTO-062-4343W/Debug/libs/psoc6pdl/drivers/source/cy_ctb.o
LOAD C:/Users/Sam/Documents/GitHub/PSoC6-VSCode-Test/Empty_PSoC6_App_1/build/CY8CPROTO-062-4343W/Debug/libs/psoc6pdl/drivers/source/cy_ctdac.o
LOAD C:/Users/Sam/Documents/GitHub/PSoC6-VSCode-Test/Empty_PSoC6_App_1/build/CY8CPROTO-062-4343W/Debug/libs/psoc6pdl/drivers/source/cy_device.o
LOAD C:/Users/Sam/Documents/GitHub/PSoC6-VSCode-Test/Empty_PSoC6_App_1/build/CY8CPROTO-062-4343W/Debug/libs/psoc6pdl/drivers/source/cy_dma.o
LOAD C:/Users/Sam/Documents/GitHub/PSoC6-VSCode-Test/Empty_PSoC6_App_1/build/CY8CPROTO-062-4343W/Debug/libs/psoc6pdl/drivers/source/cy_dmac.o
LOAD C:/Users/Sam/Documents/GitHub/PSoC6-VSCode-Test/Empty_PSoC6_App_1/build/CY8CPROTO-062-4343W/Debug/libs/psoc6pdl/drivers/source/cy_efuse.o
LOAD C:/Users/Sam/Documents/GitHub/PSoC6-VSCode-Test/Empty_PSoC6_App_1/build/CY8CPROTO-062-4343W/Debug/libs/psoc6pdl/drivers/source/cy_flash.o
LOAD C:/Users/Sam/Documents/GitHub/PSoC6-VSCode-Test/Empty_PSoC6_App_1/build/CY8CPROTO-062-4343W/Debug/libs/psoc6pdl/drivers/source/cy_gpio.o
LOAD C:/Users/Sam/Documents/GitHub/PSoC6-VSCode-Test/Empty_PSoC6_App_1/build/CY8CPROTO-062-4343W/Debug/libs/psoc6pdl/drivers/source/cy_i2s.o
LOAD C:/Users/Sam/Documents/GitHub/PSoC6-VSCode-Test/Empty_PSoC6_App_1/build/CY8CPROTO-062-4343W/Debug/libs/psoc6pdl/drivers/source/cy_ipc_drv.o
LOAD C:/Users/Sam/Documents/GitHub/PSoC6-VSCode-Test/Empty_PSoC6_App_1/build/CY8CPROTO-062-4343W/Debug/libs/psoc6pdl/drivers/source/cy_ipc_pipe.o
LOAD C:/Users/Sam/Documents/GitHub/PSoC6-VSCode-Test/Empty_PSoC6_App_1/build/CY8CPROTO-062-4343W/Debug/libs/psoc6pdl/drivers/source/cy_ipc_sema.o
LOAD C:/Users/Sam/Documents/GitHub/PSoC6-VSCode-Test/Empty_PSoC6_App_1/build/CY8CPROTO-062-4343W/Debug/libs/psoc6pdl/drivers/source/cy_lpcomp.o
LOAD C:/Users/Sam/Documents/GitHub/PSoC6-VSCode-Test/Empty_PSoC6_App_1/build/CY8CPROTO-062-4343W/Debug/libs/psoc6pdl/drivers/source/cy_lvd.o
LOAD C:/Users/Sam/Documents/GitHub/PSoC6-VSCode-Test/Empty_PSoC6_App_1/build/CY8CPROTO-062-4343W/Debug/libs/psoc6pdl/drivers/source/cy_mcwdt.o
LOAD C:/Users/Sam/Documents/GitHub/PSoC6-VSCode-Test/Empty_PSoC6_App_1/build/CY8CPROTO-062-4343W/Debug/libs/psoc6pdl/drivers/source/cy_pdm_pcm.o
LOAD C:/Users/Sam/Documents/GitHub/PSoC6-VSCode-Test/Empty_PSoC6_App_1/build/CY8CPROTO-062-4343W/Debug/libs/psoc6pdl/drivers/source/cy_profile.o
LOAD C:/Users/Sam/Documents/GitHub/PSoC6-VSCode-Test/Empty_PSoC6_App_1/build/CY8CPROTO-062-4343W/Debug/libs/psoc6pdl/drivers/source/cy_prot.o
LOAD C:/Users/Sam/Documents/GitHub/PSoC6-VSCode-Test/Empty_PSoC6_App_1/build/CY8CPROTO-062-4343W/Debug/libs/psoc6pdl/drivers/source/cy_rtc.o
LOAD C:/Users/Sam/Documents/GitHub/PSoC6-VSCode-Test/Empty_PSoC6_App_1/build/CY8CPROTO-062-4343W/Debug/libs/psoc6pdl/drivers/source/cy_sar.o
LOAD C:/Users/Sam/Documents/GitHub/PSoC6-VSCode-Test/Empty_PSoC6_App_1/build/CY8CPROTO-062-4343W/Debug/libs/psoc6pdl/drivers/source/cy_scb_common.o
LOAD C:/Users/Sam/Documents/GitHub/PSoC6-VSCode-Test/Empty_PSoC6_App_1/build/CY8CPROTO-062-4343W/Debug/libs/psoc6pdl/drivers/source/cy_scb_ezi2c.o
LOAD C:/Users/Sam/Documents/GitHub/PSoC6-VSCode-Test/Empty_PSoC6_App_1/build/CY8CPROTO-062-4343W/Debug/libs/psoc6pdl/drivers/source/cy_scb_i2c.o
LOAD C:/Users/Sam/Documents/GitHub/PSoC6-VSCode-Test/Empty_PSoC6_App_1/build/CY8CPROTO-062-4343W/Debug/libs/psoc6pdl/drivers/source/cy_scb_spi.o
LOAD C:/Users/Sam/Documents/GitHub/PSoC6-VSCode-Test/Empty_PSoC6_App_1/build/CY8CPROTO-062-4343W/Debug/libs/psoc6pdl/drivers/source/cy_scb_uart.o
LOAD C:/Users/Sam/Documents/GitHub/PSoC6-VSCode-Test/Empty_PSoC6_App_1/build/CY8CPROTO-062-4343W/Debug/libs/psoc6pdl/drivers/source/cy_sd_host.o
LOAD C:/Users/Sam/Documents/GitHub/PSoC6-VSCode-Test/Empty_PSoC6_App_1/build/CY8CPROTO-062-4343W/Debug/libs/psoc6pdl/drivers/source/cy_seglcd.o
LOAD C:/Users/Sam/Documents/GitHub/PSoC6-VSCode-Test/Empty_PSoC6_App_1/build/CY8CPROTO-062-4343W/Debug/libs/psoc6pdl/drivers/source/cy_smartio.o
LOAD C:/Users/Sam/Documents/GitHub/PSoC6-VSCode-Test/Empty_PSoC6_App_1/build/CY8CPROTO-062-4343W/Debug/libs/psoc6pdl/drivers/source/cy_smif.o
LOAD C:/Users/Sam/Documents/GitHub/PSoC6-VSCode-Test/Empty_PSoC6_App_1/build/CY8CPROTO-062-4343W/Debug/libs/psoc6pdl/drivers/source/cy_smif_memslot.o
LOAD C:/Users/Sam/Documents/GitHub/PSoC6-VSCode-Test/Empty_PSoC6_App_1/build/CY8CPROTO-062-4343W/Debug/libs/psoc6pdl/drivers/source/cy_sysanalog.o
LOAD C:/Users/Sam/Documents/GitHub/PSoC6-VSCode-Test/Empty_PSoC6_App_1/build/CY8CPROTO-062-4343W/Debug/libs/psoc6pdl/drivers/source/cy_sysclk.o
LOAD C:/Users/Sam/Documents/GitHub/PSoC6-VSCode-Test/Empty_PSoC6_App_1/build/CY8CPROTO-062-4343W/Debug/libs/psoc6pdl/drivers/source/cy_sysint.o
LOAD C:/Users/Sam/Documents/GitHub/PSoC6-VSCode-Test/Empty_PSoC6_App_1/build/CY8CPROTO-062-4343W/Debug/libs/psoc6pdl/drivers/source/cy_syslib.o
LOAD C:/Users/Sam/Documents/GitHub/PSoC6-VSCode-Test/Empty_PSoC6_App_1/build/CY8CPROTO-062-4343W/Debug/libs/psoc6pdl/drivers/source/cy_syspm.o
LOAD C:/Users/Sam/Documents/GitHub/PSoC6-VSCode-Test/Empty_PSoC6_App_1/build/CY8CPROTO-062-4343W/Debug/libs/psoc6pdl/drivers/source/cy_systick.o
LOAD C:/Users/Sam/Documents/GitHub/PSoC6-VSCode-Test/Empty_PSoC6_App_1/build/CY8CPROTO-062-4343W/Debug/libs/psoc6pdl/drivers/source/cy_tcpwm_counter.o
LOAD C:/Users/Sam/Documents/GitHub/PSoC6-VSCode-Test/Empty_PSoC6_App_1/build/CY8CPROTO-062-4343W/Debug/libs/psoc6pdl/drivers/source/cy_tcpwm_pwm.o
LOAD C:/Users/Sam/Documents/GitHub/PSoC6-VSCode-Test/Empty_PSoC6_App_1/build/CY8CPROTO-062-4343W/Debug/libs/psoc6pdl/drivers/source/cy_tcpwm_quaddec.o
LOAD C:/Users/Sam/Documents/GitHub/PSoC6-VSCode-Test/Empty_PSoC6_App_1/build/CY8CPROTO-062-4343W/Debug/libs/psoc6pdl/drivers/source/cy_trigmux.o
LOAD C:/Users/Sam/Documents/GitHub/PSoC6-VSCode-Test/Empty_PSoC6_App_1/build/CY8CPROTO-062-4343W/Debug/libs/psoc6pdl/drivers/source/cy_usbfs_dev_drv.o
LOAD C:/Users/Sam/Documents/GitHub/PSoC6-VSCode-Test/Empty_PSoC6_App_1/build/CY8CPROTO-062-4343W/Debug/libs/psoc6pdl/drivers/source/cy_usbfs_dev_drv_io.o
LOAD C:/Users/Sam/Documents/GitHub/PSoC6-VSCode-Test/Empty_PSoC6_App_1/build/CY8CPROTO-062-4343W/Debug/libs/psoc6pdl/drivers/source/cy_usbfs_dev_drv_io_dma.o
LOAD C:/Users/Sam/Documents/GitHub/PSoC6-VSCode-Test/Empty_PSoC6_App_1/build/CY8CPROTO-062-4343W/Debug/libs/psoc6pdl/drivers/source/cy_wdt.o
LOAD C:/Users/Sam/Documents/GitHub/PSoC6-VSCode-Test/Empty_PSoC6_App_1/build/CY8CPROTO-062-4343W/Debug/main.o
START GROUP
LOAD ./libs/capsense/COMPONENT_SOFTFP/TOOLCHAIN_GCC_ARM/libcy_capsense.a
END GROUP
LOAD c:/users/sam/modustoolbox/tools_2.1/gcc-7.2.1/bin/../lib/gcc/arm-none-eabi/7.2.1/../../../../arm-none-eabi/lib/thumb/v7e-m/fpv4-sp/softfp\libstdc++_nano.a
LOAD c:/users/sam/modustoolbox/tools_2.1/gcc-7.2.1/bin/../lib/gcc/arm-none-eabi/7.2.1/../../../../arm-none-eabi/lib/thumb/v7e-m/fpv4-sp/softfp\libm.a
START GROUP
LOAD c:/users/sam/modustoolbox/tools_2.1/gcc-7.2.1/bin/../lib/gcc/arm-none-eabi/7.2.1/thumb/v7e-m/fpv4-sp/softfp\libgcc.a
LOAD c:/users/sam/modustoolbox/tools_2.1/gcc-7.2.1/bin/../lib/gcc/arm-none-eabi/7.2.1/../../../../arm-none-eabi/lib/thumb/v7e-m/fpv4-sp/softfp\libg_nano.a
LOAD c:/users/sam/modustoolbox/tools_2.1/gcc-7.2.1/bin/../lib/gcc/arm-none-eabi/7.2.1/../../../../arm-none-eabi/lib/thumb/v7e-m/fpv4-sp/softfp\libc_nano.a
END GROUP
START GROUP
LOAD c:/users/sam/modustoolbox/tools_2.1/gcc-7.2.1/bin/../lib/gcc/arm-none-eabi/7.2.1/thumb/v7e-m/fpv4-sp/softfp\libgcc.a
LOAD c:/users/sam/modustoolbox/tools_2.1/gcc-7.2.1/bin/../lib/gcc/arm-none-eabi/7.2.1/../../../../arm-none-eabi/lib/thumb/v7e-m/fpv4-sp/softfp\libc_nano.a
END GROUP
LOAD c:/users/sam/modustoolbox/tools_2.1/gcc-7.2.1/bin/../lib/gcc/arm-none-eabi/7.2.1/thumb/v7e-m/fpv4-sp/softfp/crtend.o
LOAD c:/users/sam/modustoolbox/tools_2.1/gcc-7.2.1/bin/../lib/gcc/arm-none-eabi/7.2.1/thumb/v7e-m/fpv4-sp/softfp/crtn.o
START GROUP
LOAD c:/users/sam/modustoolbox/tools_2.1/gcc-7.2.1/bin/../lib/gcc/arm-none-eabi/7.2.1/thumb/v7e-m/fpv4-sp/softfp\libgcc.a
LOAD c:/users/sam/modustoolbox/tools_2.1/gcc-7.2.1/bin/../lib/gcc/arm-none-eabi/7.2.1/../../../../arm-none-eabi/lib/thumb/v7e-m/fpv4-sp/softfp\libc.a
LOAD c:/users/sam/modustoolbox/tools_2.1/gcc-7.2.1/bin/../lib/gcc/arm-none-eabi/7.2.1/../../../../arm-none-eabi/lib/thumb/v7e-m/fpv4-sp/softfp\libnosys.a
END GROUP
                0x00001000                STACK_SIZE = 0x1000
                0x00002000                FLASH_CM0P_SIZE = 0x2000
START GROUP
LOAD c:/users/sam/modustoolbox/tools_2.1/gcc-7.2.1/bin/../lib/gcc/arm-none-eabi/7.2.1/thumb/v7e-m/fpv4-sp/softfp\libgcc.a
LOAD c:/users/sam/modustoolbox/tools_2.1/gcc-7.2.1/bin/../lib/gcc/arm-none-eabi/7.2.1/../../../../arm-none-eabi/lib/thumb/v7e-m/fpv4-sp/softfp\libc.a
LOAD c:/users/sam/modustoolbox/tools_2.1/gcc-7.2.1/bin/../lib/gcc/arm-none-eabi/7.2.1/../../../../arm-none-eabi/lib/thumb/v7e-m/fpv4-sp/softfp\libm.a
LOAD c:/users/sam/modustoolbox/tools_2.1/gcc-7.2.1/bin/../lib/gcc/arm-none-eabi/7.2.1/../../../../arm-none-eabi/lib/thumb/v7e-m/fpv4-sp/softfp\libnosys.a
END GROUP

.cy_m0p_image   0x10000000     0x1754
                0x10000000                . = ALIGN (0x4)
                0x10000000                __cy_m0p_code_start = .
 *(.cy_m0p_image)
 .cy_m0p_image  0x10000000     0x1754 C:/Users/Sam/Documents/GitHub/PSoC6-VSCode-Test/Empty_PSoC6_App_1/build/CY8CPROTO-062-4343W/Debug/libs/psoc6cm0p/COMPONENT_CM0P_SLEEP/psoc6_02_cm0p_sleep.o
                0x10000000                cy_m0p_image
                0x10001754                __cy_m0p_code_end = .
                0x00000001                ASSERT ((__cy_m0p_code_end <= (ORIGIN (flash) + FLASH_CM0P_SIZE)), CM0+ flash image overflows with CM4, increase FLASH_CM0P_SIZE)

.text           0x10002000     0x2eb0
                0x10002000                . = ALIGN (0x4)
                0x10002000                __Vectors = .
 *(.vectors)
 .vectors       0x10002000      0x2e0 C:/Users/Sam/Documents/GitHub/PSoC6-VSCode-Test/Empty_PSoC6_App_1/build/CY8CPROTO-062-4343W/Debug/libs/TARGET_CY8CPROTO-062-4343W/COMPONENT_CM4/TOOLCHAIN_GCC_ARM/startup_psoc6_02_cm4.o
                0x100022e0                . = ALIGN (0x4)
                0x100022e0                __Vectors_End = .
                0x000002e0                __Vectors_Size = (__Vectors_End - __Vectors)
                0x100022e0                __end__ = .
                0x100022e0                . = ALIGN (0x4)
 *(.text*)
 .text          0x100022e0       0x40 c:/users/sam/modustoolbox/tools_2.1/gcc-7.2.1/bin/../lib/gcc/arm-none-eabi/7.2.1/thumb/v7e-m/fpv4-sp/softfp/crtbegin.o
 .text          0x10002320       0x94 C:/Users/Sam/Documents/GitHub/PSoC6-VSCode-Test/Empty_PSoC6_App_1/build/CY8CPROTO-062-4343W/Debug/libs/TARGET_CY8CPROTO-062-4343W/COMPONENT_CM4/TOOLCHAIN_GCC_ARM/startup_psoc6_02_cm4.o
                0x10002320                Cy_OnResetUser
                0x10002322                cy_toolchain_init
                0x10002324                Reset_Handler
                0x10002394                cpuss_interrupts_dw1_28_IRQHandler
                0x10002394                cpuss_interrupts_ipc_6_IRQHandler
                0x10002394                DebugMon_Handler
                0x10002394                tcpwm_1_interrupts_11_IRQHandler
                0x10002394                cpuss_interrupts_dw1_24_IRQHandler
                0x10002394                cpuss_interrupts_ipc_0_IRQHandler
                0x10002394                tcpwm_1_interrupts_15_IRQHandler
                0x10002394                cpuss_interrupts_dw0_23_IRQHandler
                0x10002394                cpuss_interrupts_dw1_18_IRQHandler
                0x10002394                cpuss_interrupts_dw1_21_IRQHandler
                0x10002394                tcpwm_1_interrupts_13_IRQHandler
                0x10002394                cpuss_interrupts_dw1_8_IRQHandler
                0x10002394                tcpwm_0_interrupts_0_IRQHandler
                0x10002394                SysTick_Handler
                0x10002394                cpuss_interrupt_fm_IRQHandler
                0x10002394                cpuss_interrupts_ipc_7_IRQHandler
                0x10002394                tcpwm_1_interrupts_14_IRQHandler
                0x10002394                cpuss_interrupts_dmac_0_IRQHandler
                0x10002394                cpuss_interrupts_dw0_11_IRQHandler
                0x10002394                tcpwm_1_interrupts_9_IRQHandler
                0x10002394                cpuss_interrupts_cm0_cti_1_IRQHandler
                0x10002394                tcpwm_1_interrupts_22_IRQHandler
                0x10002394                cpuss_interrupts_dw0_4_IRQHandler
                0x10002394                PendSV_Handler
                0x10002394                NMI_Handler
                0x10002394                scb_10_interrupt_IRQHandler
                0x10002394                cpuss_interrupts_dw1_12_IRQHandler
                0x10002394                tcpwm_1_interrupts_12_IRQHandler
                0x10002394                smif_interrupt_IRQHandler
                0x10002394                tcpwm_1_interrupts_2_IRQHandler
                0x10002394                cpuss_interrupts_ipc_13_IRQHandler
                0x10002394                tcpwm_1_interrupts_18_IRQHandler
                0x10002394                cpuss_interrupts_dw0_5_IRQHandler
                0x10002394                tcpwm_0_interrupts_2_IRQHandler
                0x10002394                cpuss_interrupts_dw0_13_IRQHandler
                0x10002394                lpcomp_interrupt_IRQHandler
                0x10002394                ioss_interrupts_gpio_1_IRQHandler
                0x10002394                ioss_interrupts_gpio_7_IRQHandler
                0x10002394                cpuss_interrupts_dw0_24_IRQHandler
                0x10002394                scb_5_interrupt_IRQHandler
                0x10002394                cpuss_interrupts_fault_1_IRQHandler
                0x10002394                cpuss_interrupts_ipc_4_IRQHandler
                0x10002394                cpuss_interrupts_ipc_5_IRQHandler
                0x10002394                cpuss_interrupts_dw0_19_IRQHandler
                0x10002394                cpuss_interrupts_dw1_10_IRQHandler
                0x10002394                audioss_0_interrupt_i2s_IRQHandler
                0x10002394                tcpwm_1_interrupts_6_IRQHandler
                0x10002394                scb_4_interrupt_IRQHandler
                0x10002394                ioss_interrupts_gpio_2_IRQHandler
                0x10002394                cpuss_interrupts_dw0_27_IRQHandler
                0x10002394                cpuss_interrupts_dw1_9_IRQHandler
                0x10002394                cpuss_interrupts_dw1_13_IRQHandler
                0x10002394                scb_2_interrupt_IRQHandler
                0x10002394                cpuss_interrupts_dw1_20_IRQHandler
                0x10002394                ioss_interrupts_gpio_13_IRQHandler
                0x10002394                cpuss_interrupts_dmac_3_IRQHandler
                0x10002394                cpuss_interrupts_cm4_fp_IRQHandler
                0x10002394                srss_interrupt_IRQHandler
                0x10002394                scb_0_interrupt_IRQHandler
                0x10002394                csd_interrupt_IRQHandler
                0x10002394                cpuss_interrupts_dw0_18_IRQHandler
                0x10002394                profile_interrupt_IRQHandler
                0x10002394                tcpwm_1_interrupts_1_IRQHandler
                0x10002394                scb_12_interrupt_IRQHandler
                0x10002394                audioss_0_interrupt_pdm_IRQHandler
                0x10002394                cpuss_interrupts_dw1_25_IRQHandler
                0x10002394                sdhc_0_interrupt_wakeup_IRQHandler
                0x10002394                cpuss_interrupts_ipc_12_IRQHandler
                0x10002394                tcpwm_1_interrupts_3_IRQHandler
                0x10002394                tcpwm_0_interrupts_7_IRQHandler
                0x10002394                cpuss_interrupts_dw1_1_IRQHandler
                0x10002394                cpuss_interrupts_dw1_0_IRQHandler
                0x10002394                cpuss_interrupts_dw0_9_IRQHandler
                0x10002394                cpuss_interrupts_dw1_7_IRQHandler
                0x10002394                tcpwm_1_interrupts_23_IRQHandler
                0x10002394                tcpwm_1_interrupts_20_IRQHandler
                0x10002394                ioss_interrupt_gpio_IRQHandler
                0x10002394                tcpwm_0_interrupts_1_IRQHandler
                0x10002394                sdhc_0_interrupt_general_IRQHandler
                0x10002394                ioss_interrupts_gpio_8_IRQHandler
                0x10002394                tcpwm_0_interrupts_6_IRQHandler
                0x10002394                scb_7_interrupt_IRQHandler
                0x10002394                tcpwm_1_interrupts_7_IRQHandler
                0x10002394                cpuss_interrupts_ipc_11_IRQHandler
                0x10002394                cpuss_interrupts_dw0_15_IRQHandler
                0x10002394                cpuss_interrupts_dw1_6_IRQHandler
                0x10002394                cpuss_interrupt_crypto_IRQHandler
                0x10002394                scb_1_interrupt_IRQHandler
                0x10002394                Default_Handler
                0x10002394                usb_interrupt_hi_IRQHandler
                0x10002394                tcpwm_1_interrupts_0_IRQHandler
                0x10002394                scb_9_interrupt_IRQHandler
                0x10002394                srss_interrupt_mcwdt_0_IRQHandler
                0x10002394                cpuss_interrupts_dmac_1_IRQHandler
                0x10002394                scb_3_interrupt_IRQHandler
                0x10002394                cpuss_interrupts_dw0_16_IRQHandler
                0x10002394                ioss_interrupts_gpio_3_IRQHandler
                0x10002394                scb_6_interrupt_IRQHandler
                0x10002394                cpuss_interrupts_cm4_cti_0_IRQHandler
                0x10002394                cpuss_interrupts_dw1_26_IRQHandler
                0x10002394                cpuss_interrupts_dw1_3_IRQHandler
                0x10002394                pass_interrupt_sar_IRQHandler
                0x10002394                ioss_interrupts_gpio_0_IRQHandler
                0x10002394                cpuss_interrupts_dw1_17_IRQHandler
                0x10002394                sdhc_1_interrupt_general_IRQHandler
                0x10002394                ioss_interrupts_gpio_14_IRQHandler
                0x10002394                tcpwm_0_interrupts_4_IRQHandler
                0x10002394                tcpwm_0_interrupts_5_IRQHandler
                0x10002394                cpuss_interrupts_dw1_16_IRQHandler
                0x10002394                cpuss_interrupts_ipc_15_IRQHandler
                0x10002394                cpuss_interrupts_cm4_cti_1_IRQHandler
                0x10002394                scb_8_interrupt_IRQHandler
                0x10002394                srss_interrupt_mcwdt_1_IRQHandler
                0x10002394                cpuss_interrupts_cm0_cti_0_IRQHandler
                0x10002394                SVC_Handler
                0x10002394                cpuss_interrupts_dw1_27_IRQHandler
                0x10002394                cpuss_interrupts_dw0_20_IRQHandler
                0x10002394                cpuss_interrupts_dw1_5_IRQHandler
                0x10002394                audioss_1_interrupt_i2s_IRQHandler
                0x10002394                cpuss_interrupts_ipc_1_IRQHandler
                0x10002394                scb_11_interrupt_IRQHandler
                0x10002394                cpuss_interrupts_dw0_0_IRQHandler
                0x10002394                ioss_interrupts_gpio_12_IRQHandler
                0x10002394                cpuss_interrupts_dw0_17_IRQHandler
                0x10002394                cpuss_interrupts_ipc_3_IRQHandler
                0x10002394                cpuss_interrupts_dw1_22_IRQHandler
                0x10002394                cpuss_interrupts_dw1_23_IRQHandler
                0x10002394                tcpwm_1_interrupts_17_IRQHandler
                0x10002394                srss_interrupt_backup_IRQHandler
                0x10002394                cpuss_interrupts_dw0_26_IRQHandler
                0x10002394                cpuss_interrupts_ipc_10_IRQHandler
                0x10002394                cpuss_interrupts_ipc_9_IRQHandler
                0x10002394                cpuss_interrupts_dw0_14_IRQHandler
                0x10002394                tcpwm_1_interrupts_4_IRQHandler
                0x10002394                tcpwm_0_interrupts_3_IRQHandler
                0x10002394                cpuss_interrupts_dw1_15_IRQHandler
                0x10002394                ioss_interrupts_gpio_10_IRQHandler
                0x10002394                cpuss_interrupts_dw0_8_IRQHandler
                0x10002394                cpuss_interrupts_dmac_2_IRQHandler
                0x10002394                ioss_interrupts_gpio_11_IRQHandler
                0x10002394                cpuss_interrupts_ipc_14_IRQHandler
                0x10002394                ioss_interrupts_gpio_5_IRQHandler
                0x10002394                ioss_interrupts_gpio_4_IRQHandler
                0x10002394                tcpwm_1_interrupts_8_IRQHandler
                0x10002394                cpuss_interrupts_dw1_14_IRQHandler
                0x10002394                cpuss_interrupts_dw0_22_IRQHandler
                0x10002394                usb_interrupt_med_IRQHandler
                0x10002394                cpuss_interrupts_dw0_2_IRQHandler
                0x10002394                tcpwm_1_interrupts_10_IRQHandler
                0x10002394                cpuss_interrupts_dw0_28_IRQHandler
                0x10002394                cpuss_interrupts_fault_0_IRQHandler
                0x10002394                cpuss_interrupts_dw0_12_IRQHandler
                0x10002394                ioss_interrupts_gpio_6_IRQHandler
                0x10002394                tcpwm_1_interrupts_21_IRQHandler
                0x10002394                tcpwm_1_interrupts_16_IRQHandler
                0x10002394                cpuss_interrupts_dw1_4_IRQHandler
                0x10002394                cpuss_interrupts_dw1_11_IRQHandler
                0x10002394                cpuss_interrupts_dw0_6_IRQHandler
                0x10002394                cpuss_interrupts_dw0_25_IRQHandler
                0x10002394                ioss_interrupt_vdd_IRQHandler
                0x10002394                cpuss_interrupts_dw1_2_IRQHandler
                0x10002394                tcpwm_1_interrupts_5_IRQHandler
                0x10002394                cpuss_interrupts_ipc_2_IRQHandler
                0x10002394                cpuss_interrupts_dw0_10_IRQHandler
                0x10002394                cpuss_interrupts_dw1_19_IRQHandler
                0x10002394                tcpwm_1_interrupts_19_IRQHandler
                0x10002394                cpuss_interrupts_dw0_1_IRQHandler
                0x10002394                ioss_interrupts_gpio_9_IRQHandler
                0x10002394                sdhc_1_interrupt_wakeup_IRQHandler
                0x10002394                usb_interrupt_lo_IRQHandler
                0x10002394                cpuss_interrupts_ipc_8_IRQHandler
                0x10002394                cpuss_interrupts_dw0_21_IRQHandler
                0x10002394                cpuss_interrupts_dw0_7_IRQHandler
                0x10002394                cpuss_interrupts_dw0_3_IRQHandler
                0x10002398                UsageFault_Handler
                0x10002398                HardFault_Handler
                0x10002398                MemManage_Handler
                0x10002398                BusFault_Handler
 *fill*         0x100023b4        0x4 
 .text          0x100023b8       0x20 C:/Users/Sam/Documents/GitHub/PSoC6-VSCode-Test/Empty_PSoC6_App_1/build/CY8CPROTO-062-4343W/Debug/libs/psoc6pdl/drivers/source/TOOLCHAIN_GCC_ARM/cy_syslib_gcc.o
                0x100023b8                Cy_SysLib_DelayCycles
                0x100023ca                Cy_SysLib_EnterCriticalSection
                0x100023d2                Cy_SysLib_ExitCriticalSection
 .text.init_cycfg_all
                0x100023d8       0x18 C:/Users/Sam/Documents/GitHub/PSoC6-VSCode-Test/Empty_PSoC6_App_1/build/CY8CPROTO-062-4343W/Debug/libs/TARGET_CY8CPROTO-062-4343W/COMPONENT_BSP_DESIGN_MODUS/GeneratedSource/cycfg.o
                0x100023d8                init_cycfg_all
 .text.init_cycfg_clocks
                0x100023f0       0x54 C:/Users/Sam/Documents/GitHub/PSoC6-VSCode-Test/Empty_PSoC6_App_1/build/CY8CPROTO-062-4343W/Debug/libs/TARGET_CY8CPROTO-062-4343W/COMPONENT_BSP_DESIGN_MODUS/GeneratedSource/cycfg_clocks.o
                0x100023f0                init_cycfg_clocks
 .text.init_cycfg_peripherals
                0x10002444       0x1c C:/Users/Sam/Documents/GitHub/PSoC6-VSCode-Test/Empty_PSoC6_App_1/build/CY8CPROTO-062-4343W/Debug/libs/TARGET_CY8CPROTO-062-4343W/COMPONENT_BSP_DESIGN_MODUS/GeneratedSource/cycfg_peripherals.o
                0x10002444                init_cycfg_peripherals
 .text.init_cycfg_pins
                0x10002460       0xf4 C:/Users/Sam/Documents/GitHub/PSoC6-VSCode-Test/Empty_PSoC6_App_1/build/CY8CPROTO-062-4343W/Debug/libs/TARGET_CY8CPROTO-062-4343W/COMPONENT_BSP_DESIGN_MODUS/GeneratedSource/cycfg_pins.o
                0x10002460                init_cycfg_pins
 .text.init_cycfg_routing
                0x10002554       0x18 C:/Users/Sam/Documents/GitHub/PSoC6-VSCode-Test/Empty_PSoC6_App_1/build/CY8CPROTO-062-4343W/Debug/libs/TARGET_CY8CPROTO-062-4343W/COMPONENT_BSP_DESIGN_MODUS/GeneratedSource/cycfg_routing.o
                0x10002554                init_cycfg_routing
 .text.cycfg_ClockStartupError
                0x1000256c        0x2 C:/Users/Sam/Documents/GitHub/PSoC6-VSCode-Test/Empty_PSoC6_App_1/build/CY8CPROTO-062-4343W/Debug/libs/TARGET_CY8CPROTO-062-4343W/COMPONENT_BSP_DESIGN_MODUS/GeneratedSource/cycfg_system.o
                0x1000256c                cycfg_ClockStartupError
 *fill*         0x1000256e        0x2 
 .text.init_cycfg_system
                0x10002570      0x4a0 C:/Users/Sam/Documents/GitHub/PSoC6-VSCode-Test/Empty_PSoC6_App_1/build/CY8CPROTO-062-4343W/Debug/libs/TARGET_CY8CPROTO-062-4343W/COMPONENT_BSP_DESIGN_MODUS/GeneratedSource/cycfg_system.o
                0x10002570                init_cycfg_system
 .text.Cy_SysIpcPipeIsrCm4
                0x10002a10        0xa C:/Users/Sam/Documents/GitHub/PSoC6-VSCode-Test/Empty_PSoC6_App_1/build/CY8CPROTO-062-4343W/Debug/libs/TARGET_CY8CPROTO-062-4343W/COMPONENT_CM4/system_psoc6_cm4.o
                0x10002a10                Cy_SysIpcPipeIsrCm4
 .text.Cy_SystemInit
                0x10002a1a        0x2 C:/Users/Sam/Documents/GitHub/PSoC6-VSCode-Test/Empty_PSoC6_App_1/build/CY8CPROTO-062-4343W/Debug/libs/TARGET_CY8CPROTO-062-4343W/COMPONENT_CM4/system_psoc6_cm4.o
                0x10002a1a                Cy_SystemInit
 .text.SystemCoreClockUpdate
                0x10002a1c       0x88 C:/Users/Sam/Documents/GitHub/PSoC6-VSCode-Test/Empty_PSoC6_App_1/build/CY8CPROTO-062-4343W/Debug/libs/TARGET_CY8CPROTO-062-4343W/COMPONENT_CM4/system_psoc6_cm4.o
                0x10002a1c                SystemCoreClockUpdate
 .text.SystemInit
                0x10002aa4       0x34 C:/Users/Sam/Documents/GitHub/PSoC6-VSCode-Test/Empty_PSoC6_App_1/build/CY8CPROTO-062-4343W/Debug/libs/TARGET_CY8CPROTO-062-4343W/COMPONENT_CM4/system_psoc6_cm4.o
                0x10002aa4                SystemInit
 .text.Cy_SystemInitFpuEnable
                0x10002ad8       0x28 C:/Users/Sam/Documents/GitHub/PSoC6-VSCode-Test/Empty_PSoC6_App_1/build/CY8CPROTO-062-4343W/Debug/libs/TARGET_CY8CPROTO-062-4343W/COMPONENT_CM4/system_psoc6_cm4.o
                0x10002ad8                Cy_SystemInitFpuEnable
 .text.cybsp_register_sysclk_pm_callback
                0x10002b00       0x1c C:/Users/Sam/Documents/GitHub/PSoC6-VSCode-Test/Empty_PSoC6_App_1/build/CY8CPROTO-062-4343W/Debug/libs/TARGET_CY8CPROTO-062-4343W/cybsp.o
 .text.cybsp_init
                0x10002b1c       0x24 C:/Users/Sam/Documents/GitHub/PSoC6-VSCode-Test/Empty_PSoC6_App_1/build/CY8CPROTO-062-4343W/Debug/libs/TARGET_CY8CPROTO-062-4343W/cybsp.o
                0x10002b1c                cybsp_init
 .text.cyhal_get_bit_position
                0x10002b40      0x100 C:/Users/Sam/Documents/GitHub/PSoC6-VSCode-Test/Empty_PSoC6_App_1/build/CY8CPROTO-062-4343W/Debug/libs/psoc6hal/COMPONENT_PSOC6HAL/source/cyhal_hwmgr.o
 .text.cyhal_hwmgr_init
                0x10002c40        0x4 C:/Users/Sam/Documents/GitHub/PSoC6-VSCode-Test/Empty_PSoC6_App_1/build/CY8CPROTO-062-4343W/Debug/libs/psoc6hal/COMPONENT_PSOC6HAL/source/cyhal_hwmgr.o
                0x10002c40                cyhal_hwmgr_init
 .text.cyhal_hwmgr_reserve
                0x10002c44       0x88 C:/Users/Sam/Documents/GitHub/PSoC6-VSCode-Test/Empty_PSoC6_App_1/build/CY8CPROTO-062-4343W/Debug/libs/psoc6hal/COMPONENT_PSOC6HAL/source/cyhal_hwmgr.o
                0x10002c44                cyhal_hwmgr_reserve
 .text.call_all_pm_callbacks
                0x10002ccc       0x4e C:/Users/Sam/Documents/GitHub/PSoC6-VSCode-Test/Empty_PSoC6_App_1/build/CY8CPROTO-062-4343W/Debug/libs/psoc6hal/COMPONENT_PSOC6HAL/source/cyhal_syspm.o
 .text.backtrack_all_pm_callbacks
                0x10002d1a       0x32 C:/Users/Sam/Documents/GitHub/PSoC6-VSCode-Test/Empty_PSoC6_App_1/build/CY8CPROTO-062-4343W/Debug/libs/psoc6hal/COMPONENT_PSOC6HAL/source/cyhal_syspm.o
 .text.common_cb
                0x10002d4c       0xf0 C:/Users/Sam/Documents/GitHub/PSoC6-VSCode-Test/Empty_PSoC6_App_1/build/CY8CPROTO-062-4343W/Debug/libs/psoc6hal/COMPONENT_PSOC6HAL/source/cyhal_syspm.o
 .text.cyhal_syspm_init
                0x10002e3c       0x70 C:/Users/Sam/Documents/GitHub/PSoC6-VSCode-Test/Empty_PSoC6_App_1/build/CY8CPROTO-062-4343W/Debug/libs/psoc6hal/COMPONENT_PSOC6HAL/source/cyhal_syspm.o
                0x10002e3c                cyhal_syspm_init
 .text.cyhal_utils_convert_pdltohal_pm_mode
                0x10002eac       0x28 C:/Users/Sam/Documents/GitHub/PSoC6-VSCode-Test/Empty_PSoC6_App_1/build/CY8CPROTO-062-4343W/Debug/libs/psoc6hal/COMPONENT_PSOC6HAL/source/cyhal_utils.o
                0x10002eac                cyhal_utils_convert_pdltohal_pm_mode
 .text.Cy_PDL_Init
                0x10002ed4        0xc C:/Users/Sam/Documents/GitHub/PSoC6-VSCode-Test/Empty_PSoC6_App_1/build/CY8CPROTO-062-4343W/Debug/libs/psoc6pdl/drivers/source/cy_device.o
                0x10002ed4                Cy_PDL_Init
 .text.Cy_Flash_ProcessOpcode
                0x10002ee0       0xa4 C:/Users/Sam/Documents/GitHub/PSoC6-VSCode-Test/Empty_PSoC6_App_1/build/CY8CPROTO-062-4343W/Debug/libs/psoc6pdl/drivers/source/cy_flash.o
 .text.Cy_Flash_OperationStatus
                0x10002f84       0x50 C:/Users/Sam/Documents/GitHub/PSoC6-VSCode-Test/Empty_PSoC6_App_1/build/CY8CPROTO-062-4343W/Debug/libs/psoc6pdl/drivers/source/cy_flash.o
 .text.Cy_GPIO_Pin_Init
                0x10002fd4      0x234 C:/Users/Sam/Documents/GitHub/PSoC6-VSCode-Test/Empty_PSoC6_App_1/build/CY8CPROTO-062-4343W/Debug/libs/psoc6pdl/drivers/source/cy_gpio.o
                0x10002fd4                Cy_GPIO_Pin_Init
 .text.Cy_GPIO_Pin_FastInit
                0x10003208       0xb4 C:/Users/Sam/Documents/GitHub/PSoC6-VSCode-Test/Empty_PSoC6_App_1/build/CY8CPROTO-062-4343W/Debug/libs/psoc6pdl/drivers/source/cy_gpio.o
                0x10003208                Cy_GPIO_Pin_FastInit
 .text.Cy_IPC_Drv_LockRelease
                0x100032bc       0x2c C:/Users/Sam/Documents/GitHub/PSoC6-VSCode-Test/Empty_PSoC6_App_1/build/CY8CPROTO-062-4343W/Debug/libs/psoc6pdl/drivers/source/cy_ipc_drv.o
                0x100032bc                Cy_IPC_Drv_LockRelease
 .text.Cy_IPC_Drv_SendMsgWord
                0x100032e8       0x20 C:/Users/Sam/Documents/GitHub/PSoC6-VSCode-Test/Empty_PSoC6_App_1/build/CY8CPROTO-062-4343W/Debug/libs/psoc6pdl/drivers/source/cy_ipc_drv.o
                0x100032e8                Cy_IPC_Drv_SendMsgWord
 .text.Cy_IPC_Drv_ReadMsgWord
                0x10003308       0x2c C:/Users/Sam/Documents/GitHub/PSoC6-VSCode-Test/Empty_PSoC6_App_1/build/CY8CPROTO-062-4343W/Debug/libs/psoc6pdl/drivers/source/cy_ipc_drv.o
                0x10003308                Cy_IPC_Drv_ReadMsgWord
 .text.Cy_IPC_Pipe_Config
                0x10003334       0x14 C:/Users/Sam/Documents/GitHub/PSoC6-VSCode-Test/Empty_PSoC6_App_1/build/CY8CPROTO-062-4343W/Debug/libs/psoc6pdl/drivers/source/cy_ipc_pipe.o
                0x10003334                Cy_IPC_Pipe_Config
 .text.Cy_IPC_Pipe_EndpointInit
                0x10003348       0x94 C:/Users/Sam/Documents/GitHub/PSoC6-VSCode-Test/Empty_PSoC6_App_1/build/CY8CPROTO-062-4343W/Debug/libs/psoc6pdl/drivers/source/cy_ipc_pipe.o
                0x10003348                Cy_IPC_Pipe_EndpointInit
 .text.Cy_IPC_Pipe_Init
                0x100033dc       0xa0 C:/Users/Sam/Documents/GitHub/PSoC6-VSCode-Test/Empty_PSoC6_App_1/build/CY8CPROTO-062-4343W/Debug/libs/psoc6pdl/drivers/source/cy_ipc_pipe.o
                0x100033dc                Cy_IPC_Pipe_Init
 .text.Cy_IPC_Pipe_SendMessage
                0x1000347c       0x7c C:/Users/Sam/Documents/GitHub/PSoC6-VSCode-Test/Empty_PSoC6_App_1/build/CY8CPROTO-062-4343W/Debug/libs/psoc6pdl/drivers/source/cy_ipc_pipe.o
                0x1000347c                Cy_IPC_Pipe_SendMessage
 .text.Cy_IPC_Pipe_ExecCallback
                0x100034f8       0xa4 C:/Users/Sam/Documents/GitHub/PSoC6-VSCode-Test/Empty_PSoC6_App_1/build/CY8CPROTO-062-4343W/Debug/libs/psoc6pdl/drivers/source/cy_ipc_pipe.o
                0x100034f8                Cy_IPC_Pipe_ExecCallback
 .text.Cy_IPC_Pipe_ExecuteCallback
                0x1000359c       0x20 C:/Users/Sam/Documents/GitHub/PSoC6-VSCode-Test/Empty_PSoC6_App_1/build/CY8CPROTO-062-4343W/Debug/libs/psoc6pdl/drivers/source/cy_ipc_pipe.o
                0x1000359c                Cy_IPC_Pipe_ExecuteCallback
 .text.Cy_IPC_Sema_InitExt
                0x100035bc       0x74 C:/Users/Sam/Documents/GitHub/PSoC6-VSCode-Test/Empty_PSoC6_App_1/build/CY8CPROTO-062-4343W/Debug/libs/psoc6pdl/drivers/source/cy_ipc_sema.o
                0x100035bc                Cy_IPC_Sema_InitExt
 .text.Cy_IPC_Sema_Init
                0x10003630       0x5c C:/Users/Sam/Documents/GitHub/PSoC6-VSCode-Test/Empty_PSoC6_App_1/build/CY8CPROTO-062-4343W/Debug/libs/psoc6pdl/drivers/source/cy_ipc_sema.o
                0x10003630                Cy_IPC_Sema_Init
 .text.Cy_IPC_Sema_Clear
                0x1000368c       0x7c C:/Users/Sam/Documents/GitHub/PSoC6-VSCode-Test/Empty_PSoC6_App_1/build/CY8CPROTO-062-4343W/Debug/libs/psoc6pdl/drivers/source/cy_ipc_sema.o
                0x1000368c                Cy_IPC_Sema_Clear
 .text.Cy_IPC_Sema_Status
                0x10003708       0x40 C:/Users/Sam/Documents/GitHub/PSoC6-VSCode-Test/Empty_PSoC6_App_1/build/CY8CPROTO-062-4343W/Debug/libs/psoc6pdl/drivers/source/cy_ipc_sema.o
                0x10003708                Cy_IPC_Sema_Status
 .text.Cy_Prot_GetActivePC
                0x10003748       0x28 C:/Users/Sam/Documents/GitHub/PSoC6-VSCode-Test/Empty_PSoC6_App_1/build/CY8CPROTO-062-4343W/Debug/libs/psoc6pdl/drivers/source/cy_prot.o
                0x10003748                Cy_Prot_GetActivePC
 .text.Cy_SysClk_ExtClkGetFrequency
                0x10003770        0xc C:/Users/Sam/Documents/GitHub/PSoC6-VSCode-Test/Empty_PSoC6_App_1/build/CY8CPROTO-062-4343W/Debug/libs/psoc6pdl/drivers/source/cy_sysclk.o
                0x10003770                Cy_SysClk_ExtClkGetFrequency
 .text.Cy_SysClk_EcoGetFrequency
                0x1000377c       0x28 C:/Users/Sam/Documents/GitHub/PSoC6-VSCode-Test/Empty_PSoC6_App_1/build/CY8CPROTO-062-4343W/Debug/libs/psoc6pdl/drivers/source/cy_sysclk.o
                0x1000377c                Cy_SysClk_EcoGetFrequency
 .text.Cy_SysClk_ClkPathSetSource
                0x100037a4       0x5c C:/Users/Sam/Documents/GitHub/PSoC6-VSCode-Test/Empty_PSoC6_App_1/build/CY8CPROTO-062-4343W/Debug/libs/psoc6pdl/drivers/source/cy_sysclk.o
                0x100037a4                Cy_SysClk_ClkPathSetSource
 .text.Cy_SysClk_ClkPathGetSource
                0x10003800       0x3c C:/Users/Sam/Documents/GitHub/PSoC6-VSCode-Test/Empty_PSoC6_App_1/build/CY8CPROTO-062-4343W/Debug/libs/psoc6pdl/drivers/source/cy_sysclk.o
                0x10003800                Cy_SysClk_ClkPathGetSource
 .text.Cy_SysClk_ClkPathMuxGetFrequency
                0x1000383c       0x94 C:/Users/Sam/Documents/GitHub/PSoC6-VSCode-Test/Empty_PSoC6_App_1/build/CY8CPROTO-062-4343W/Debug/libs/psoc6pdl/drivers/source/cy_sysclk.o
                0x1000383c                Cy_SysClk_ClkPathMuxGetFrequency
 .text.Cy_SysClk_FllManualConfigure
                0x100038d0      0x104 C:/Users/Sam/Documents/GitHub/PSoC6-VSCode-Test/Empty_PSoC6_App_1/build/CY8CPROTO-062-4343W/Debug/libs/psoc6pdl/drivers/source/cy_sysclk.o
                0x100038d0                Cy_SysClk_FllManualConfigure
 .text.Cy_SysClk_FllGetConfiguration
                0x100039d4       0x5c C:/Users/Sam/Documents/GitHub/PSoC6-VSCode-Test/Empty_PSoC6_App_1/build/CY8CPROTO-062-4343W/Debug/libs/psoc6pdl/drivers/source/cy_sysclk.o
                0x100039d4                Cy_SysClk_FllGetConfiguration
 .text.Cy_SysClk_FllEnable
                0x10003a30       0xc4 C:/Users/Sam/Documents/GitHub/PSoC6-VSCode-Test/Empty_PSoC6_App_1/build/CY8CPROTO-062-4343W/Debug/libs/psoc6pdl/drivers/source/cy_sysclk.o
                0x10003a30                Cy_SysClk_FllEnable
 .text.Cy_SysClk_PllManualConfigure
                0x10003af4       0xd0 C:/Users/Sam/Documents/GitHub/PSoC6-VSCode-Test/Empty_PSoC6_App_1/build/CY8CPROTO-062-4343W/Debug/libs/psoc6pdl/drivers/source/cy_sysclk.o
                0x10003af4                Cy_SysClk_PllManualConfigure
 .text.Cy_SysClk_PllGetConfiguration
                0x10003bc4       0x4c C:/Users/Sam/Documents/GitHub/PSoC6-VSCode-Test/Empty_PSoC6_App_1/build/CY8CPROTO-062-4343W/Debug/libs/psoc6pdl/drivers/source/cy_sysclk.o
                0x10003bc4                Cy_SysClk_PllGetConfiguration
 .text.Cy_SysClk_ClkPathGetFrequency
                0x10003c10       0xec C:/Users/Sam/Documents/GitHub/PSoC6-VSCode-Test/Empty_PSoC6_App_1/build/CY8CPROTO-062-4343W/Debug/libs/psoc6pdl/drivers/source/cy_sysclk.o
                0x10003c10                Cy_SysClk_ClkPathGetFrequency
 .text.Cy_SysClk_PllEnable
                0x10003cfc       0x68 C:/Users/Sam/Documents/GitHub/PSoC6-VSCode-Test/Empty_PSoC6_App_1/build/CY8CPROTO-062-4343W/Debug/libs/psoc6pdl/drivers/source/cy_sysclk.o
                0x10003cfc                Cy_SysClk_PllEnable
 .text.Cy_SysClk_DeepSleepCallback
                0x10003d64      0x260 C:/Users/Sam/Documents/GitHub/PSoC6-VSCode-Test/Empty_PSoC6_App_1/build/CY8CPROTO-062-4343W/Debug/libs/psoc6pdl/drivers/source/cy_sysclk.o
                0x10003d64                Cy_SysClk_DeepSleepCallback
 .text.Cy_SysClk_ClkHfGetFrequency
                0x10003fc4       0x54 C:/Users/Sam/Documents/GitHub/PSoC6-VSCode-Test/Empty_PSoC6_App_1/build/CY8CPROTO-062-4343W/Debug/libs/psoc6pdl/drivers/source/cy_sysclk.o
                0x10003fc4                Cy_SysClk_ClkHfGetFrequency
 .text.Cy_SysInt_SetVector
                0x10004018       0x38 C:/Users/Sam/Documents/GitHub/PSoC6-VSCode-Test/Empty_PSoC6_App_1/build/CY8CPROTO-062-4343W/Debug/libs/psoc6pdl/drivers/source/cy_sysint.o
                0x10004018                Cy_SysInt_SetVector
 .text.Cy_SysInt_Init
                0x10004050       0x64 C:/Users/Sam/Documents/GitHub/PSoC6-VSCode-Test/Empty_PSoC6_App_1/build/CY8CPROTO-062-4343W/Debug/libs/psoc6pdl/drivers/source/cy_sysint.o
                0x10004050                Cy_SysInt_Init
 .text.Cy_SysLib_DelayUs
                0x100040b4       0x14 C:/Users/Sam/Documents/GitHub/PSoC6-VSCode-Test/Empty_PSoC6_App_1/build/CY8CPROTO-062-4343W/Debug/libs/psoc6pdl/drivers/source/cy_syslib.o
                0x100040b4                Cy_SysLib_DelayUs
 .text.Cy_SysLib_ResetBackupDomain
                0x100040c8       0x20 C:/Users/Sam/Documents/GitHub/PSoC6-VSCode-Test/Empty_PSoC6_App_1/build/CY8CPROTO-062-4343W/Debug/libs/psoc6pdl/drivers/source/cy_syslib.o
                0x100040c8                Cy_SysLib_ResetBackupDomain
 .text.Cy_SysLib_GetResetReason
                0x100040e8       0x18 C:/Users/Sam/Documents/GitHub/PSoC6-VSCode-Test/Empty_PSoC6_App_1/build/CY8CPROTO-062-4343W/Debug/libs/psoc6pdl/drivers/source/cy_syslib.o
                0x100040e8                Cy_SysLib_GetResetReason
 .text.Cy_SysLib_ProcessingFault
                0x10004100        0x2 C:/Users/Sam/Documents/GitHub/PSoC6-VSCode-Test/Empty_PSoC6_App_1/build/CY8CPROTO-062-4343W/Debug/libs/psoc6pdl/drivers/source/cy_syslib.o
                0x10004100                Cy_SysLib_ProcessingFault
 *fill*         0x10004102        0x2 
 .text.Cy_SysLib_FaultHandler
                0x10004104       0xa4 C:/Users/Sam/Documents/GitHub/PSoC6-VSCode-Test/Empty_PSoC6_App_1/build/CY8CPROTO-062-4343W/Debug/libs/psoc6pdl/drivers/source/cy_syslib.o
                0x10004104                Cy_SysLib_FaultHandler
 .text.Cy_SysLib_SetWaitStates
                0x100041a8       0xcc C:/Users/Sam/Documents/GitHub/PSoC6-VSCode-Test/Empty_PSoC6_App_1/build/CY8CPROTO-062-4343W/Debug/libs/psoc6pdl/drivers/source/cy_syslib.o
                0x100041a8                Cy_SysLib_SetWaitStates
 .text.SetReadMarginTrimUlp
                0x10004274       0x84 C:/Users/Sam/Documents/GitHub/PSoC6-VSCode-Test/Empty_PSoC6_App_1/build/CY8CPROTO-062-4343W/Debug/libs/psoc6pdl/drivers/source/cy_syspm.o
 .text.SetReadMarginTrimLp
                0x100042f8       0x84 C:/Users/Sam/Documents/GitHub/PSoC6-VSCode-Test/Empty_PSoC6_App_1/build/CY8CPROTO-062-4343W/Debug/libs/psoc6pdl/drivers/source/cy_syspm.o
 .text.SetWriteAssistTrimUlp
                0x1000437c       0x58 C:/Users/Sam/Documents/GitHub/PSoC6-VSCode-Test/Empty_PSoC6_App_1/build/CY8CPROTO-062-4343W/Debug/libs/psoc6pdl/drivers/source/cy_syspm.o
 .text.SetWriteAssistTrimLp
                0x100043d4       0x70 C:/Users/Sam/Documents/GitHub/PSoC6-VSCode-Test/Empty_PSoC6_App_1/build/CY8CPROTO-062-4343W/Debug/libs/psoc6pdl/drivers/source/cy_syspm.o
 .text.IsVoltageChangePossible
                0x10004444       0x8c C:/Users/Sam/Documents/GitHub/PSoC6-VSCode-Test/Empty_PSoC6_App_1/build/CY8CPROTO-062-4343W/Debug/libs/psoc6pdl/drivers/source/cy_syspm.o
 .text.Cy_SysPm_SystemSetMinRegulatorCurrent
                0x100044d0       0x54 C:/Users/Sam/Documents/GitHub/PSoC6-VSCode-Test/Empty_PSoC6_App_1/build/CY8CPROTO-062-4343W/Debug/libs/psoc6pdl/drivers/source/cy_syspm.o
                0x100044d0                Cy_SysPm_SystemSetMinRegulatorCurrent
 .text.Cy_SysPm_SystemSetNormalRegulatorCurrent
                0x10004524       0x64 C:/Users/Sam/Documents/GitHub/PSoC6-VSCode-Test/Empty_PSoC6_App_1/build/CY8CPROTO-062-4343W/Debug/libs/psoc6pdl/drivers/source/cy_syspm.o
                0x10004524                Cy_SysPm_SystemSetNormalRegulatorCurrent
 .text.Cy_SysPm_LdoSetMode
                0x10004588       0x38 C:/Users/Sam/Documents/GitHub/PSoC6-VSCode-Test/Empty_PSoC6_App_1/build/CY8CPROTO-062-4343W/Debug/libs/psoc6pdl/drivers/source/cy_syspm.o
                0x10004588                Cy_SysPm_LdoSetMode
 .text.Cy_SysPm_RegisterCallback
                0x100045c0       0x90 C:/Users/Sam/Documents/GitHub/PSoC6-VSCode-Test/Empty_PSoC6_App_1/build/CY8CPROTO-062-4343W/Debug/libs/psoc6pdl/drivers/source/cy_syspm.o
                0x100045c0                Cy_SysPm_RegisterCallback
 .text.Cy_SysPm_IoUnfreeze
                0x10004650       0x2c C:/Users/Sam/Documents/GitHub/PSoC6-VSCode-Test/Empty_PSoC6_App_1/build/CY8CPROTO-062-4343W/Debug/libs/psoc6pdl/drivers/source/cy_syspm.o
                0x10004650                Cy_SysPm_IoUnfreeze
 .text.Cy_SysPm_WriteVoltageBitForFlash
                0x1000467c       0xfc C:/Users/Sam/Documents/GitHub/PSoC6-VSCode-Test/Empty_PSoC6_App_1/build/CY8CPROTO-062-4343W/Debug/libs/psoc6pdl/drivers/source/cy_syspm.o
                0x1000467c                Cy_SysPm_WriteVoltageBitForFlash
 .text.Cy_SysPm_LdoSetVoltage
                0x10004778       0xbc C:/Users/Sam/Documents/GitHub/PSoC6-VSCode-Test/Empty_PSoC6_App_1/build/CY8CPROTO-062-4343W/Debug/libs/psoc6pdl/drivers/source/cy_syspm.o
                0x10004778                Cy_SysPm_LdoSetVoltage
 .text.main     0x10004834        0xe C:/Users/Sam/Documents/GitHub/PSoC6-VSCode-Test/Empty_PSoC6_App_1/build/CY8CPROTO-062-4343W/Debug/main.o
                0x10004834                main
 *fill*         0x10004842        0x2 
 .text          0x10004844        0x4 c:/users/sam/modustoolbox/tools_2.1/gcc-7.2.1/bin/../lib/gcc/arm-none-eabi/7.2.1/thumb/v7e-m/fpv4-sp/softfp\libgcc.a(_dvmd_tls.o)
                0x10004844                __aeabi_idiv0
                0x10004844                __aeabi_ldiv0
 .text          0x10004848       0x30 c:/users/sam/modustoolbox/tools_2.1/gcc-7.2.1/bin/../lib/gcc/arm-none-eabi/7.2.1/thumb/v7e-m/fpv4-sp/softfp\libgcc.a(_aeabi_uldivmod.o)
                0x10004848                __aeabi_uldivmod
 .text          0x10004878      0x2cc c:/users/sam/modustoolbox/tools_2.1/gcc-7.2.1/bin/../lib/gcc/arm-none-eabi/7.2.1/thumb/v7e-m/fpv4-sp/softfp\libgcc.a(_udivmoddi4.o)
                0x10004878                __udivmoddi4
 .text.__libc_fini_array
                0x10004b44       0x28 c:/users/sam/modustoolbox/tools_2.1/gcc-7.2.1/bin/../lib/gcc/arm-none-eabi/7.2.1/../../../../arm-none-eabi/lib/thumb/v7e-m/fpv4-sp/softfp\libg_nano.a(lib_a-fini.o)
                0x10004b44                __libc_fini_array
 .text.__libc_init_array
                0x10004b6c       0x48 c:/users/sam/modustoolbox/tools_2.1/gcc-7.2.1/bin/../lib/gcc/arm-none-eabi/7.2.1/../../../../arm-none-eabi/lib/thumb/v7e-m/fpv4-sp/softfp\libg_nano.a(lib_a-init.o)
                0x10004b6c                __libc_init_array
 .text.memset   0x10004bb4       0x10 c:/users/sam/modustoolbox/tools_2.1/gcc-7.2.1/bin/../lib/gcc/arm-none-eabi/7.2.1/../../../../arm-none-eabi/lib/thumb/v7e-m/fpv4-sp/softfp\libg_nano.a(lib_a-memset.o)
                0x10004bb4                memset
 *(.init)
 .init          0x10004bc4        0x4 c:/users/sam/modustoolbox/tools_2.1/gcc-7.2.1/bin/../lib/gcc/arm-none-eabi/7.2.1/thumb/v7e-m/fpv4-sp/softfp/crti.o
                0x10004bc4                _init
 .init          0x10004bc8        0x8 c:/users/sam/modustoolbox/tools_2.1/gcc-7.2.1/bin/../lib/gcc/arm-none-eabi/7.2.1/thumb/v7e-m/fpv4-sp/softfp/crtn.o
 *(.fini)
 .fini          0x10004bd0        0x4 c:/users/sam/modustoolbox/tools_2.1/gcc-7.2.1/bin/../lib/gcc/arm-none-eabi/7.2.1/thumb/v7e-m/fpv4-sp/softfp/crti.o
                0x10004bd0                _fini
 .fini          0x10004bd4        0x8 c:/users/sam/modustoolbox/tools_2.1/gcc-7.2.1/bin/../lib/gcc/arm-none-eabi/7.2.1/thumb/v7e-m/fpv4-sp/softfp/crtn.o
 *crtbegin.o(.ctors)
 *crtbegin?.o(.ctors)
 *(EXCLUDE_FILE(*crtend.o *crtend?.o) .ctors)
 *(SORT_BY_NAME(.ctors.*))
 *(.ctors)
 *crtbegin.o(.dtors)
 *crtbegin?.o(.dtors)
 *(EXCLUDE_FILE(*crtend.o *crtend?.o) .dtors)
 *(SORT_BY_NAME(.dtors.*))
 *(.dtors)
 *(.rodata .rodata.* .constdata .constdata.* .conststring .conststring.*)
 .rodata.CYBSP_CSD_CLK_DIV_obj
                0x10004bdc        0x3 C:/Users/Sam/Documents/GitHub/PSoC6-VSCode-Test/Empty_PSoC6_App_1/build/CY8CPROTO-062-4343W/Debug/libs/TARGET_CY8CPROTO-062-4343W/COMPONENT_BSP_DESIGN_MODUS/GeneratedSource/cycfg_clocks.o
                0x10004bdc                CYBSP_CSD_CLK_DIV_obj
 *fill*         0x10004bdf        0x1 
 .rodata.CYBSP_CINA_obj
                0x10004be0        0x3 C:/Users/Sam/Documents/GitHub/PSoC6-VSCode-Test/Empty_PSoC6_App_1/build/CY8CPROTO-062-4343W/Debug/libs/TARGET_CY8CPROTO-062-4343W/COMPONENT_BSP_DESIGN_MODUS/GeneratedSource/cycfg_pins.o
                0x10004be0                CYBSP_CINA_obj
 *fill*         0x10004be3        0x1 
 .rodata.CYBSP_CINB_obj
                0x10004be4        0x3 C:/Users/Sam/Documents/GitHub/PSoC6-VSCode-Test/Empty_PSoC6_App_1/build/CY8CPROTO-062-4343W/Debug/libs/TARGET_CY8CPROTO-062-4343W/COMPONENT_BSP_DESIGN_MODUS/GeneratedSource/cycfg_pins.o
                0x10004be4                CYBSP_CINB_obj
 *fill*         0x10004be7        0x1 
 .rodata.CYBSP_CMOD_obj
                0x10004be8        0x3 C:/Users/Sam/Documents/GitHub/PSoC6-VSCode-Test/Empty_PSoC6_App_1/build/CY8CPROTO-062-4343W/Debug/libs/TARGET_CY8CPROTO-062-4343W/COMPONENT_BSP_DESIGN_MODUS/GeneratedSource/cycfg_pins.o
                0x10004be8                CYBSP_CMOD_obj
 *fill*         0x10004beb        0x1 
 .rodata.CYBSP_CSD_BTN0_obj
                0x10004bec        0x3 C:/Users/Sam/Documents/GitHub/PSoC6-VSCode-Test/Empty_PSoC6_App_1/build/CY8CPROTO-062-4343W/Debug/libs/TARGET_CY8CPROTO-062-4343W/COMPONENT_BSP_DESIGN_MODUS/GeneratedSource/cycfg_pins.o
                0x10004bec                CYBSP_CSD_BTN0_obj
 *fill*         0x10004bef        0x1 
 .rodata.CYBSP_CSD_BTN1_obj
                0x10004bf0        0x3 C:/Users/Sam/Documents/GitHub/PSoC6-VSCode-Test/Empty_PSoC6_App_1/build/CY8CPROTO-062-4343W/Debug/libs/TARGET_CY8CPROTO-062-4343W/COMPONENT_BSP_DESIGN_MODUS/GeneratedSource/cycfg_pins.o
                0x10004bf0                CYBSP_CSD_BTN1_obj
 *fill*         0x10004bf3        0x1 
 .rodata.CYBSP_CSD_SLD0_obj
                0x10004bf4        0x3 C:/Users/Sam/Documents/GitHub/PSoC6-VSCode-Test/Empty_PSoC6_App_1/build/CY8CPROTO-062-4343W/Debug/libs/TARGET_CY8CPROTO-062-4343W/COMPONENT_BSP_DESIGN_MODUS/GeneratedSource/cycfg_pins.o
                0x10004bf4                CYBSP_CSD_SLD0_obj
 *fill*         0x10004bf7        0x1 
 .rodata.CYBSP_CSD_SLD1_obj
                0x10004bf8        0x3 C:/Users/Sam/Documents/GitHub/PSoC6-VSCode-Test/Empty_PSoC6_App_1/build/CY8CPROTO-062-4343W/Debug/libs/TARGET_CY8CPROTO-062-4343W/COMPONENT_BSP_DESIGN_MODUS/GeneratedSource/cycfg_pins.o
                0x10004bf8                CYBSP_CSD_SLD1_obj
 *fill*         0x10004bfb        0x1 
 .rodata.CYBSP_CSD_SLD2_obj
                0x10004bfc        0x3 C:/Users/Sam/Documents/GitHub/PSoC6-VSCode-Test/Empty_PSoC6_App_1/build/CY8CPROTO-062-4343W/Debug/libs/TARGET_CY8CPROTO-062-4343W/COMPONENT_BSP_DESIGN_MODUS/GeneratedSource/cycfg_pins.o
                0x10004bfc                CYBSP_CSD_SLD2_obj
 *fill*         0x10004bff        0x1 
 .rodata.CYBSP_CSD_SLD3_obj
                0x10004c00        0x3 C:/Users/Sam/Documents/GitHub/PSoC6-VSCode-Test/Empty_PSoC6_App_1/build/CY8CPROTO-062-4343W/Debug/libs/TARGET_CY8CPROTO-062-4343W/COMPONENT_BSP_DESIGN_MODUS/GeneratedSource/cycfg_pins.o
                0x10004c00                CYBSP_CSD_SLD3_obj
 *fill*         0x10004c03        0x1 
 .rodata.CYBSP_CSD_SLD4_obj
                0x10004c04        0x3 C:/Users/Sam/Documents/GitHub/PSoC6-VSCode-Test/Empty_PSoC6_App_1/build/CY8CPROTO-062-4343W/Debug/libs/TARGET_CY8CPROTO-062-4343W/COMPONENT_BSP_DESIGN_MODUS/GeneratedSource/cycfg_pins.o
                0x10004c04                CYBSP_CSD_SLD4_obj
 *fill*         0x10004c07        0x1 
 .rodata.CYBSP_CSD_TX_obj
                0x10004c08        0x3 C:/Users/Sam/Documents/GitHub/PSoC6-VSCode-Test/Empty_PSoC6_App_1/build/CY8CPROTO-062-4343W/Debug/libs/TARGET_CY8CPROTO-062-4343W/COMPONENT_BSP_DESIGN_MODUS/GeneratedSource/cycfg_pins.o
                0x10004c08                CYBSP_CSD_TX_obj
 *fill*         0x10004c0b        0x1 
 .rodata.CYBSP_SWDCK_config
                0x10004c0c       0x34 C:/Users/Sam/Documents/GitHub/PSoC6-VSCode-Test/Empty_PSoC6_App_1/build/CY8CPROTO-062-4343W/Debug/libs/TARGET_CY8CPROTO-062-4343W/COMPONENT_BSP_DESIGN_MODUS/GeneratedSource/cycfg_pins.o
                0x10004c0c                CYBSP_SWDCK_config
 .rodata.CYBSP_SWDCK_obj
                0x10004c40        0x3 C:/Users/Sam/Documents/GitHub/PSoC6-VSCode-Test/Empty_PSoC6_App_1/build/CY8CPROTO-062-4343W/Debug/libs/TARGET_CY8CPROTO-062-4343W/COMPONENT_BSP_DESIGN_MODUS/GeneratedSource/cycfg_pins.o
                0x10004c40                CYBSP_SWDCK_obj
 *fill*         0x10004c43        0x1 
 .rodata.CYBSP_SWDIO_config
                0x10004c44       0x34 C:/Users/Sam/Documents/GitHub/PSoC6-VSCode-Test/Empty_PSoC6_App_1/build/CY8CPROTO-062-4343W/Debug/libs/TARGET_CY8CPROTO-062-4343W/COMPONENT_BSP_DESIGN_MODUS/GeneratedSource/cycfg_pins.o
                0x10004c44                CYBSP_SWDIO_config
 .rodata.CYBSP_SWDIO_obj
                0x10004c78        0x3 C:/Users/Sam/Documents/GitHub/PSoC6-VSCode-Test/Empty_PSoC6_App_1/build/CY8CPROTO-062-4343W/Debug/libs/TARGET_CY8CPROTO-062-4343W/COMPONENT_BSP_DESIGN_MODUS/GeneratedSource/cycfg_pins.o
                0x10004c78                CYBSP_SWDIO_obj
 *fill*         0x10004c7b        0x1 
 .rodata.CYBSP_SWO_config
                0x10004c7c       0x34 C:/Users/Sam/Documents/GitHub/PSoC6-VSCode-Test/Empty_PSoC6_App_1/build/CY8CPROTO-062-4343W/Debug/libs/TARGET_CY8CPROTO-062-4343W/COMPONENT_BSP_DESIGN_MODUS/GeneratedSource/cycfg_pins.o
                0x10004c7c                CYBSP_SWO_config
 .rodata.CYBSP_SWO_obj
                0x10004cb0        0x3 C:/Users/Sam/Documents/GitHub/PSoC6-VSCode-Test/Empty_PSoC6_App_1/build/CY8CPROTO-062-4343W/Debug/libs/TARGET_CY8CPROTO-062-4343W/COMPONENT_BSP_DESIGN_MODUS/GeneratedSource/cycfg_pins.o
                0x10004cb0                CYBSP_SWO_obj
 *fill*         0x10004cb3        0x1 
 .rodata.CYBSP_WCO_IN_config
                0x10004cb4       0x34 C:/Users/Sam/Documents/GitHub/PSoC6-VSCode-Test/Empty_PSoC6_App_1/build/CY8CPROTO-062-4343W/Debug/libs/TARGET_CY8CPROTO-062-4343W/COMPONENT_BSP_DESIGN_MODUS/GeneratedSource/cycfg_pins.o
                0x10004cb4                CYBSP_WCO_IN_config
 .rodata.CYBSP_WCO_IN_obj
                0x10004ce8        0x3 C:/Users/Sam/Documents/GitHub/PSoC6-VSCode-Test/Empty_PSoC6_App_1/build/CY8CPROTO-062-4343W/Debug/libs/TARGET_CY8CPROTO-062-4343W/COMPONENT_BSP_DESIGN_MODUS/GeneratedSource/cycfg_pins.o
                0x10004ce8                CYBSP_WCO_IN_obj
 *fill*         0x10004ceb        0x1 
 .rodata.CYBSP_WCO_OUT_config
                0x10004cec       0x34 C:/Users/Sam/Documents/GitHub/PSoC6-VSCode-Test/Empty_PSoC6_App_1/build/CY8CPROTO-062-4343W/Debug/libs/TARGET_CY8CPROTO-062-4343W/COMPONENT_BSP_DESIGN_MODUS/GeneratedSource/cycfg_pins.o
                0x10004cec                CYBSP_WCO_OUT_config
 .rodata.CYBSP_WCO_OUT_obj
                0x10004d20        0x3 C:/Users/Sam/Documents/GitHub/PSoC6-VSCode-Test/Empty_PSoC6_App_1/build/CY8CPROTO-062-4343W/Debug/libs/TARGET_CY8CPROTO-062-4343W/COMPONENT_BSP_DESIGN_MODUS/GeneratedSource/cycfg_pins.o
                0x10004d20                CYBSP_WCO_OUT_obj
 *fill*         0x10004d23        0x1 
 .rodata.srss_0_clock_0_fll_0_fllConfig
                0x10004d24       0x14 C:/Users/Sam/Documents/GitHub/PSoC6-VSCode-Test/Empty_PSoC6_App_1/build/CY8CPROTO-062-4343W/Debug/libs/TARGET_CY8CPROTO-062-4343W/COMPONENT_BSP_DESIGN_MODUS/GeneratedSource/cycfg_system.o
 .rodata.srss_0_clock_0_pathmux_0_obj
                0x10004d38        0x3 C:/Users/Sam/Documents/GitHub/PSoC6-VSCode-Test/Empty_PSoC6_App_1/build/CY8CPROTO-062-4343W/Debug/libs/TARGET_CY8CPROTO-062-4343W/COMPONENT_BSP_DESIGN_MODUS/GeneratedSource/cycfg_system.o
                0x10004d38                srss_0_clock_0_pathmux_0_obj
 *fill*         0x10004d3b        0x1 
 .rodata.srss_0_clock_0_pathmux_1_obj
                0x10004d3c        0x3 C:/Users/Sam/Documents/GitHub/PSoC6-VSCode-Test/Empty_PSoC6_App_1/build/CY8CPROTO-062-4343W/Debug/libs/TARGET_CY8CPROTO-062-4343W/COMPONENT_BSP_DESIGN_MODUS/GeneratedSource/cycfg_system.o
                0x10004d3c                srss_0_clock_0_pathmux_1_obj
 *fill*         0x10004d3f        0x1 
 .rodata.srss_0_clock_0_pathmux_2_obj
                0x10004d40        0x3 C:/Users/Sam/Documents/GitHub/PSoC6-VSCode-Test/Empty_PSoC6_App_1/build/CY8CPROTO-062-4343W/Debug/libs/TARGET_CY8CPROTO-062-4343W/COMPONENT_BSP_DESIGN_MODUS/GeneratedSource/cycfg_system.o
                0x10004d40                srss_0_clock_0_pathmux_2_obj
 *fill*         0x10004d43        0x1 
 .rodata.srss_0_clock_0_pathmux_3_obj
                0x10004d44        0x3 C:/Users/Sam/Documents/GitHub/PSoC6-VSCode-Test/Empty_PSoC6_App_1/build/CY8CPROTO-062-4343W/Debug/libs/TARGET_CY8CPROTO-062-4343W/COMPONENT_BSP_DESIGN_MODUS/GeneratedSource/cycfg_system.o
                0x10004d44                srss_0_clock_0_pathmux_3_obj
 *fill*         0x10004d47        0x1 
 .rodata.srss_0_clock_0_pathmux_4_obj
                0x10004d48        0x3 C:/Users/Sam/Documents/GitHub/PSoC6-VSCode-Test/Empty_PSoC6_App_1/build/CY8CPROTO-062-4343W/Debug/libs/TARGET_CY8CPROTO-062-4343W/COMPONENT_BSP_DESIGN_MODUS/GeneratedSource/cycfg_system.o
                0x10004d48                srss_0_clock_0_pathmux_4_obj
 *fill*         0x10004d4b        0x1 
 .rodata.srss_0_clock_0_pathmux_5_obj
                0x10004d4c        0x3 C:/Users/Sam/Documents/GitHub/PSoC6-VSCode-Test/Empty_PSoC6_App_1/build/CY8CPROTO-062-4343W/Debug/libs/TARGET_CY8CPROTO-062-4343W/COMPONENT_BSP_DESIGN_MODUS/GeneratedSource/cycfg_system.o
                0x10004d4c                srss_0_clock_0_pathmux_5_obj
 *fill*         0x10004d4f        0x1 
 .rodata.srss_0_clock_0_pll_1_pllConfig
                0x10004d50        0x5 C:/Users/Sam/Documents/GitHub/PSoC6-VSCode-Test/Empty_PSoC6_App_1/build/CY8CPROTO-062-4343W/Debug/libs/TARGET_CY8CPROTO-062-4343W/COMPONENT_BSP_DESIGN_MODUS/GeneratedSource/cycfg_system.o
 *fill*         0x10004d55        0x3 
 .rodata.systemIpcPipeConfigCm4.13863
                0x10004d58       0x34 C:/Users/Sam/Documents/GitHub/PSoC6-VSCode-Test/Empty_PSoC6_App_1/build/CY8CPROTO-062-4343W/Debug/libs/TARGET_CY8CPROTO-062-4343W/COMPONENT_CM4/system_psoc6_cm4.o
 .rodata.cyhal_block_offsets_can
                0x10004d8c        0x1 C:/Users/Sam/Documents/GitHub/PSoC6-VSCode-Test/Empty_PSoC6_App_1/build/CY8CPROTO-062-4343W/Debug/libs/psoc6hal/COMPONENT_PSOC6HAL/source/cyhal_hwmgr.o
 *fill*         0x10004d8d        0x3 
 .rodata.cyhal_block_offsets_clock
                0x10004d90       0x1a C:/Users/Sam/Documents/GitHub/PSoC6-VSCode-Test/Empty_PSoC6_App_1/build/CY8CPROTO-062-4343W/Debug/libs/psoc6hal/COMPONENT_PSOC6HAL/source/cyhal_hwmgr.o
 *fill*         0x10004daa        0x2 
 .rodata.cyhal_block_offsets_dma
                0x10004dac        0x1 C:/Users/Sam/Documents/GitHub/PSoC6-VSCode-Test/Empty_PSoC6_App_1/build/CY8CPROTO-062-4343W/Debug/libs/psoc6hal/COMPONENT_PSOC6HAL/source/cyhal_hwmgr.o
 *fill*         0x10004dad        0x3 
 .rodata.cyhal_block_offsets_dw
                0x10004db0        0x2 C:/Users/Sam/Documents/GitHub/PSoC6-VSCode-Test/Empty_PSoC6_App_1/build/CY8CPROTO-062-4343W/Debug/libs/psoc6hal/COMPONENT_PSOC6HAL/source/cyhal_hwmgr.o
 *fill*         0x10004db2        0x2 
 .rodata.cyhal_block_offsets_gpio
                0x10004db4       0x10 C:/Users/Sam/Documents/GitHub/PSoC6-VSCode-Test/Empty_PSoC6_App_1/build/CY8CPROTO-062-4343W/Debug/libs/psoc6hal/COMPONENT_PSOC6HAL/source/cyhal_hwmgr.o
 .rodata.cyhal_block_offsets_tcpwm
                0x10004dc4        0x2 C:/Users/Sam/Documents/GitHub/PSoC6-VSCode-Test/Empty_PSoC6_App_1/build/CY8CPROTO-062-4343W/Debug/libs/psoc6hal/COMPONENT_PSOC6HAL/source/cyhal_hwmgr.o
 *fill*         0x10004dc6        0x2 
 .rodata.cyhal_resource_offsets
                0x10004dc8       0x2e C:/Users/Sam/Documents/GitHub/PSoC6-VSCode-Test/Empty_PSoC6_App_1/build/CY8CPROTO-062-4343W/Debug/libs/psoc6hal/COMPONENT_PSOC6HAL/source/cyhal_hwmgr.o
 *fill*         0x10004df6        0x2 
 .rodata.cy_deviceIpBlockCfgPSoC6_02
                0x10004df8       0xb4 C:/Users/Sam/Documents/GitHub/PSoC6-VSCode-Test/Empty_PSoC6_App_1/build/CY8CPROTO-062-4343W/Debug/libs/psoc6pdl/drivers/source/cy_device.o
                0x10004df8                cy_deviceIpBlockCfgPSoC6_02
 *(.eh_frame*)
 .eh_frame      0x10004eac        0x0 c:/users/sam/modustoolbox/tools_2.1/gcc-7.2.1/bin/../lib/gcc/arm-none-eabi/7.2.1/thumb/v7e-m/fpv4-sp/softfp/crtbegin.o
 .eh_frame      0x10004eac        0x4 c:/users/sam/modustoolbox/tools_2.1/gcc-7.2.1/bin/../lib/gcc/arm-none-eabi/7.2.1/thumb/v7e-m/fpv4-sp/softfp/crtend.o

.glue_7         0x10004eb0        0x0
 .glue_7        0x10004eb0        0x0 linker stubs

.glue_7t        0x10004eb0        0x0
 .glue_7t       0x10004eb0        0x0 linker stubs

.vfp11_veneer   0x10004eb0        0x0
 .vfp11_veneer  0x10004eb0        0x0 linker stubs

.v4_bx          0x10004eb0        0x0
 .v4_bx         0x10004eb0        0x0 linker stubs

.iplt           0x10004eb0        0x0
 .iplt          0x10004eb0        0x0 c:/users/sam/modustoolbox/tools_2.1/gcc-7.2.1/bin/../lib/gcc/arm-none-eabi/7.2.1/thumb/v7e-m/fpv4-sp/softfp/crtbegin.o

.ARM.extab
 *(.ARM.extab* .gnu.linkonce.armextab.*)
                0x10004eb0                __exidx_start = .

.ARM.exidx      0x10004eb0        0x8
 *(.ARM.exidx* .gnu.linkonce.armexidx.*)
 .ARM.exidx     0x10004eb0        0x8 c:/users/sam/modustoolbox/tools_2.1/gcc-7.2.1/bin/../lib/gcc/arm-none-eabi/7.2.1/thumb/v7e-m/fpv4-sp/softfp\libgcc.a(_udivmoddi4.o)
                0x10004eb8                __exidx_end = .

.rel.dyn        0x10004eb8        0x0
 .rel.iplt      0x10004eb8        0x0 c:/users/sam/modustoolbox/tools_2.1/gcc-7.2.1/bin/../lib/gcc/arm-none-eabi/7.2.1/thumb/v7e-m/fpv4-sp/softfp/crtbegin.o

.copy.table     0x10004eb8       0x18
                0x10004eb8                . = ALIGN (0x4)
                0x10004eb8                __copy_table_start__ = .
                0x10004eb8        0x4 LONG 0x10002000 __Vectors
                0x10004ebc        0x4 LONG 0x8002000 __ram_vectors_start__
                0x10004ec0        0x4 LONG 0x2e0 (__Vectors_End - __Vectors)
                0x10004ec4        0x4 LONG 0x10004ed8 __etext
                0x10004ec8        0x4 LONG 0x80022e0 __data_start__
                0x10004ecc        0x4 LONG 0x4b0 (__data_end__ - __data_start__)
                0x10004ed0                __copy_table_end__ = .

.zero.table     0x10004ed0        0x8
                0x10004ed0                . = ALIGN (0x4)
                0x10004ed0                __zero_table_start__ = .
                0x10004ed0        0x4 LONG 0x800282c __bss_start__
                0x10004ed4        0x4 LONG 0x218 (__bss_end__ - __bss_start__)
                0x10004ed8                __zero_table_end__ = .
                0x10004ed8                __etext = .

.ramVectors     0x08002000      0x2e0
                0x08002000                __ram_vectors_start__ = .
 *(.ram_vectors)
 .ram_vectors   0x08002000      0x2e0 C:/Users/Sam/Documents/GitHub/PSoC6-VSCode-Test/Empty_PSoC6_App_1/build/CY8CPROTO-062-4343W/Debug/libs/TARGET_CY8CPROTO-062-4343W/COMPONENT_CM4/TOOLCHAIN_GCC_ARM/startup_psoc6_02_cm4.o
                0x08002000                __ramVectors
                0x080022e0                __ram_vectors_end__ = .

.data           0x080022e0      0x4b0 load address 0x10004ed8
                0x080022e0                __data_start__ = .
 *(vtable)
 *(.data*)
 .data.SystemCoreClock
                0x080022e0        0x4 C:/Users/Sam/Documents/GitHub/PSoC6-VSCode-Test/Empty_PSoC6_App_1/build/CY8CPROTO-062-4343W/Debug/libs/TARGET_CY8CPROTO-062-4343W/COMPONENT_CM4/system_psoc6_cm4.o
                0x080022e0                SystemCoreClock
 .data.cy_Hfclk0FreqHz
                0x080022e4        0x4 C:/Users/Sam/Documents/GitHub/PSoC6-VSCode-Test/Empty_PSoC6_App_1/build/CY8CPROTO-062-4343W/Debug/libs/TARGET_CY8CPROTO-062-4343W/COMPONENT_CM4/system_psoc6_cm4.o
                0x080022e4                cy_Hfclk0FreqHz
 .data.cy_PeriClkFreqHz
                0x080022e8        0x4 C:/Users/Sam/Documents/GitHub/PSoC6-VSCode-Test/Empty_PSoC6_App_1/build/CY8CPROTO-062-4343W/Debug/libs/TARGET_CY8CPROTO-062-4343W/COMPONENT_CM4/system_psoc6_cm4.o
                0x080022e8                cy_PeriClkFreqHz
 .data.cy_delay32kMs
                0x080022ec        0x4 C:/Users/Sam/Documents/GitHub/PSoC6-VSCode-Test/Empty_PSoC6_App_1/build/CY8CPROTO-062-4343W/Debug/libs/TARGET_CY8CPROTO-062-4343W/COMPONENT_CM4/system_psoc6_cm4.o
                0x080022ec                cy_delay32kMs
 .data.cy_delayFreqKhz
                0x080022f0        0x4 C:/Users/Sam/Documents/GitHub/PSoC6-VSCode-Test/Empty_PSoC6_App_1/build/CY8CPROTO-062-4343W/Debug/libs/TARGET_CY8CPROTO-062-4343W/COMPONENT_CM4/system_psoc6_cm4.o
                0x080022f0                cy_delayFreqKhz
 .data.cy_delayFreqMhz
                0x080022f4        0x1 C:/Users/Sam/Documents/GitHub/PSoC6-VSCode-Test/Empty_PSoC6_App_1/build/CY8CPROTO-062-4343W/Debug/libs/TARGET_CY8CPROTO-062-4343W/COMPONENT_CM4/system_psoc6_cm4.o
                0x080022f4                cy_delayFreqMhz
 *fill*         0x080022f5        0x3 
 .data.cybsp_sysclk_pm_callback.25226
                0x080022f8       0x1c C:/Users/Sam/Documents/GitHub/PSoC6-VSCode-Test/Empty_PSoC6_App_1/build/CY8CPROTO-062-4343W/Debug/libs/TARGET_CY8CPROTO-062-4343W/cybsp.o
 .data.internal_cb_params_deepsleep
                0x08002314        0x8 C:/Users/Sam/Documents/GitHub/PSoC6-VSCode-Test/Empty_PSoC6_App_1/build/CY8CPROTO-062-4343W/Debug/libs/psoc6hal/COMPONENT_PSOC6HAL/source/cyhal_syspm.o
 .data.internal_cb_params_hibernate
                0x0800231c        0x8 C:/Users/Sam/Documents/GitHub/PSoC6-VSCode-Test/Empty_PSoC6_App_1/build/CY8CPROTO-062-4343W/Debug/libs/psoc6hal/COMPONENT_PSOC6HAL/source/cyhal_syspm.o
 .data.internal_cb_params_lp
                0x08002324        0x8 C:/Users/Sam/Documents/GitHub/PSoC6-VSCode-Test/Empty_PSoC6_App_1/build/CY8CPROTO-062-4343W/Debug/libs/psoc6hal/COMPONENT_PSOC6HAL/source/cyhal_syspm.o
 .data.internal_cb_params_sleep
                0x0800232c        0x8 C:/Users/Sam/Documents/GitHub/PSoC6-VSCode-Test/Empty_PSoC6_App_1/build/CY8CPROTO-062-4343W/Debug/libs/psoc6hal/COMPONENT_PSOC6HAL/source/cyhal_syspm.o
 .data.internal_cb_params_ulp
                0x08002334        0x8 C:/Users/Sam/Documents/GitHub/PSoC6-VSCode-Test/Empty_PSoC6_App_1/build/CY8CPROTO-062-4343W/Debug/libs/psoc6hal/COMPONENT_PSOC6HAL/source/cyhal_syspm.o
 .data.internal_pm_cb_deepsleep
                0x0800233c       0x1c C:/Users/Sam/Documents/GitHub/PSoC6-VSCode-Test/Empty_PSoC6_App_1/build/CY8CPROTO-062-4343W/Debug/libs/psoc6hal/COMPONENT_PSOC6HAL/source/cyhal_syspm.o
 .data.internal_pm_cb_hibernate
                0x08002358       0x1c C:/Users/Sam/Documents/GitHub/PSoC6-VSCode-Test/Empty_PSoC6_App_1/build/CY8CPROTO-062-4343W/Debug/libs/psoc6hal/COMPONENT_PSOC6HAL/source/cyhal_syspm.o
 .data.internal_pm_cb_lp
                0x08002374       0x1c C:/Users/Sam/Documents/GitHub/PSoC6-VSCode-Test/Empty_PSoC6_App_1/build/CY8CPROTO-062-4343W/Debug/libs/psoc6hal/COMPONENT_PSOC6HAL/source/cyhal_syspm.o
 .data.internal_pm_cb_sleep
                0x08002390       0x1c C:/Users/Sam/Documents/GitHub/PSoC6-VSCode-Test/Empty_PSoC6_App_1/build/CY8CPROTO-062-4343W/Debug/libs/psoc6hal/COMPONENT_PSOC6HAL/source/cyhal_syspm.o
 .data.internal_pm_cb_ulp
                0x080023ac       0x1c C:/Users/Sam/Documents/GitHub/PSoC6-VSCode-Test/Empty_PSoC6_App_1/build/CY8CPROTO-062-4343W/Debug/libs/psoc6hal/COMPONENT_PSOC6HAL/source/cyhal_syspm.o
 .data.peripheral_pm_callback_ptr
                0x080023c8        0x4 C:/Users/Sam/Documents/GitHub/PSoC6-VSCode-Test/Empty_PSoC6_App_1/build/CY8CPROTO-062-4343W/Debug/libs/psoc6hal/COMPONENT_PSOC6HAL/source/cyhal_syspm.o
 .data.pm_callback_ptr
                0x080023cc        0x4 C:/Users/Sam/Documents/GitHub/PSoC6-VSCode-Test/Empty_PSoC6_App_1/build/CY8CPROTO-062-4343W/Debug/libs/psoc6hal/COMPONENT_PSOC6HAL/source/cyhal_syspm.o
                0x080023d0                . = ALIGN (0x4)
                0x080023d0                PROVIDE (__preinit_array_start, .)
 *(.preinit_array)
                0x080023d0                PROVIDE (__preinit_array_end, .)
                0x080023d0                . = ALIGN (0x4)
                0x080023d0                PROVIDE (__init_array_start, .)
 *(SORT_BY_NAME(.init_array.*))
 *(.init_array)
 .init_array    0x080023d0        0x4 c:/users/sam/modustoolbox/tools_2.1/gcc-7.2.1/bin/../lib/gcc/arm-none-eabi/7.2.1/thumb/v7e-m/fpv4-sp/softfp/crtbegin.o
                0x080023d4                PROVIDE (__init_array_end, .)
                0x080023d4                . = ALIGN (0x4)
                0x080023d4                PROVIDE (__fini_array_start, .)
 *(SORT_BY_NAME(.fini_array.*))
 *(.fini_array)
 .fini_array    0x080023d4        0x4 c:/users/sam/modustoolbox/tools_2.1/gcc-7.2.1/bin/../lib/gcc/arm-none-eabi/7.2.1/thumb/v7e-m/fpv4-sp/softfp/crtbegin.o
                0x080023d8                PROVIDE (__fini_array_end, .)
 *(.jcr*)
                0x080023d8                . = ALIGN (0x4)
 *(.cy_ramfunc*)
 .cy_ramfunc    0x080023d8      0x2d0 C:/Users/Sam/Documents/GitHub/PSoC6-VSCode-Test/Empty_PSoC6_App_1/build/CY8CPROTO-062-4343W/Debug/libs/psoc6pdl/drivers/source/cy_flash.o
                0x080025f0                Cy_Flash_ResumeIrqHandler
 .cy_ramfunc    0x080026a8       0xa8 C:/Users/Sam/Documents/GitHub/PSoC6-VSCode-Test/Empty_PSoC6_App_1/build/CY8CPROTO-062-4343W/Debug/libs/psoc6pdl/drivers/source/cy_syspm.o
 .cy_ramfunc.__stub
                0x08002750       0x40 linker stubs
                0x08002790                . = ALIGN (0x4)
                0x08002790                __data_end__ = .

.igot.plt       0x08002790        0x0 load address 0x10005388
 .igot.plt      0x08002790        0x0 c:/users/sam/modustoolbox/tools_2.1/gcc-7.2.1/bin/../lib/gcc/arm-none-eabi/7.2.1/thumb/v7e-m/fpv4-sp/softfp/crtbegin.o

.cy_sharedmem   0x08002790        0x8 load address 0x10005388
 .cy_sharedmem  0x08002790        0x8 C:/Users/Sam/Documents/GitHub/PSoC6-VSCode-Test/Empty_PSoC6_App_1/build/CY8CPROTO-062-4343W/Debug/libs/psoc6pdl/drivers/source/cy_ipc_sema.o

.noinit         0x08002798       0x94 load address 0x10005390
 *(.noinit)
 .noinit        0x08002798       0x94 C:/Users/Sam/Documents/GitHub/PSoC6-VSCode-Test/Empty_PSoC6_App_1/build/CY8CPROTO-062-4343W/Debug/libs/psoc6pdl/drivers/source/cy_syslib.o
                0x08002798                cy_assertFileName
                0x080027b0                cy_assertLine
                0x080027b4                cy_faultFrame

.bss            0x0800282c      0x218 load address 0x10005424
                0x0800282c                . = ALIGN (0x4)
                0x0800282c                __bss_start__ = .
 *(.bss*)
 .bss           0x0800282c       0x1c c:/users/sam/modustoolbox/tools_2.1/gcc-7.2.1/bin/../lib/gcc/arm-none-eabi/7.2.1/thumb/v7e-m/fpv4-sp/softfp/crtbegin.o
 .bss.systemIpcPipeEpArray.13861
                0x08002848      0x160 C:/Users/Sam/Documents/GitHub/PSoC6-VSCode-Test/Empty_PSoC6_App_1/build/CY8CPROTO-062-4343W/Debug/libs/TARGET_CY8CPROTO-062-4343W/COMPONENT_CM4/system_psoc6_cm4.o
 .bss.systemIpcPipeSysCbArray.13862
                0x080029a8       0x20 C:/Users/Sam/Documents/GitHub/PSoC6-VSCode-Test/Empty_PSoC6_App_1/build/CY8CPROTO-062-4343W/Debug/libs/TARGET_CY8CPROTO-062-4343W/COMPONENT_CM4/system_psoc6_cm4.o
 .bss.cybsp_sysclk_pm_callback_param.25225
                0x080029c8        0x8 C:/Users/Sam/Documents/GitHub/PSoC6-VSCode-Test/Empty_PSoC6_App_1/build/CY8CPROTO-062-4343W/Debug/libs/TARGET_CY8CPROTO-062-4343W/cybsp.o
 .bss.cyhal_used
                0x080029d0       0x27 C:/Users/Sam/Documents/GitHub/PSoC6-VSCode-Test/Empty_PSoC6_App_1/build/CY8CPROTO-062-4343W/Debug/libs/psoc6hal/COMPONENT_PSOC6HAL/source/cyhal_hwmgr.o
 *fill*         0x080029f7        0x1 
 .bss.deep_sleep_lock
                0x080029f8        0x2 C:/Users/Sam/Documents/GitHub/PSoC6-VSCode-Test/Empty_PSoC6_App_1/build/CY8CPROTO-062-4343W/Debug/libs/psoc6hal/COMPONENT_PSOC6HAL/source/cyhal_syspm.o
 *fill*         0x080029fa        0x2 
 .bss.flashContext
                0x080029fc       0x10 C:/Users/Sam/Documents/GitHub/PSoC6-VSCode-Test/Empty_PSoC6_App_1/build/CY8CPROTO-062-4343W/Debug/libs/psoc6pdl/drivers/source/cy_flash.o
 .bss.ipcWaitMessage
                0x08002a0c        0x4 C:/Users/Sam/Documents/GitHub/PSoC6-VSCode-Test/Empty_PSoC6_App_1/build/CY8CPROTO-062-4343W/Debug/libs/psoc6pdl/drivers/source/cy_flash.o
 .bss.cy_ipc_pipe_epArray
                0x08002a10        0x4 C:/Users/Sam/Documents/GitHub/PSoC6-VSCode-Test/Empty_PSoC6_App_1/build/CY8CPROTO-062-4343W/Debug/libs/psoc6pdl/drivers/source/cy_ipc_pipe.o
 .bss.cy_semaIpcStruct
                0x08002a14        0x4 C:/Users/Sam/Documents/GitHub/PSoC6-VSCode-Test/Empty_PSoC6_App_1/build/CY8CPROTO-062-4343W/Debug/libs/psoc6pdl/drivers/source/cy_ipc_sema.o
 .bss.changedSourcePaths.14336
                0x08002a18        0x2 C:/Users/Sam/Documents/GitHub/PSoC6-VSCode-Test/Empty_PSoC6_App_1/build/CY8CPROTO-062-4343W/Debug/libs/psoc6pdl/drivers/source/cy_sysclk.o
 .bss.clkCounting
                0x08002a1a        0x1 C:/Users/Sam/Documents/GitHub/PSoC6-VSCode-Test/Empty_PSoC6_App_1/build/CY8CPROTO-062-4343W/Debug/libs/psoc6pdl/drivers/source/cy_sysclk.o
 *fill*         0x08002a1b        0x1 
 .bss.ecoFreq   0x08002a1c        0x4 C:/Users/Sam/Documents/GitHub/PSoC6-VSCode-Test/Empty_PSoC6_App_1/build/CY8CPROTO-062-4343W/Debug/libs/psoc6pdl/drivers/source/cy_sysclk.o
 .bss.extFreq   0x08002a20        0x4 C:/Users/Sam/Documents/GitHub/PSoC6-VSCode-Test/Empty_PSoC6_App_1/build/CY8CPROTO-062-4343W/Debug/libs/psoc6pdl/drivers/source/cy_sysclk.o
 .bss.pllAutoModes.14337
                0x08002a24        0x2 C:/Users/Sam/Documents/GitHub/PSoC6-VSCode-Test/Empty_PSoC6_App_1/build/CY8CPROTO-062-4343W/Debug/libs/psoc6pdl/drivers/source/cy_sysclk.o
 .bss.preventCounting
                0x08002a26        0x1 C:/Users/Sam/Documents/GitHub/PSoC6-VSCode-Test/Empty_PSoC6_App_1/build/CY8CPROTO-062-4343W/Debug/libs/psoc6pdl/drivers/source/cy_sysclk.o
 *fill*         0x08002a27        0x1 
 .bss.pmCallbackRoot
                0x08002a28       0x14 C:/Users/Sam/Documents/GitHub/PSoC6-VSCode-Test/Empty_PSoC6_App_1/build/CY8CPROTO-062-4343W/Debug/libs/psoc6pdl/drivers/source/cy_syspm.o
 .bss.wasEventSent
                0x08002a3c        0x1 C:/Users/Sam/Documents/GitHub/PSoC6-VSCode-Test/Empty_PSoC6_App_1/build/CY8CPROTO-062-4343W/Debug/libs/psoc6pdl/drivers/source/cy_syspm.o
 *(COMMON)
 *fill*         0x08002a3d        0x3 
 COMMON         0x08002a40        0x4 C:/Users/Sam/Documents/GitHub/PSoC6-VSCode-Test/Empty_PSoC6_App_1/build/CY8CPROTO-062-4343W/Debug/libs/psoc6pdl/drivers/source/cy_device.o
                0x08002a40                cy_device
                0x08002a44                . = ALIGN (0x4)
                0x08002a44                __bss_end__ = .

.heap           0x08002a48    0xfbdb8 load address 0x10005640
                0x08002a48                __HeapBase = .
                0x08002a48                __end__ = .
                0x08002a48                end = __end__
 *(.heap*)
 .heap          0x08002a48      0x400 C:/Users/Sam/Documents/GitHub/PSoC6-VSCode-Test/Empty_PSoC6_App_1/build/CY8CPROTO-062-4343W/Debug/libs/TARGET_CY8CPROTO-062-4343W/COMPONENT_CM4/TOOLCHAIN_GCC_ARM/startup_psoc6_02_cm4.o
                0x080fe800                . = ((ORIGIN (ram) + LENGTH (ram)) - STACK_SIZE)
 *fill*         0x08002e48    0xfb9b8 